49.7.20.144 - - [15/Jan/2020:12:51:10 +0800] "GET /fw_1403 HTTP/1.1" 301 178 "-" "Sogou web spider/4.0(+http://www.sogou.com/docs/help/webmasters.htm#07)"
115.199.124.22 - - [15/Jan/2020:12:51:49 +0800] "GET /favicon.ico HTTP/1.1" 301 178 "-" "Mozilla/5.0 (Macintosh; Intel Mac OS X 10_13_6) AppleWebKit/537.36 (KHTML, like Gecko) Chrome/69.0.3497.100 Safari/537.36"
66.249.71.105 - - [15/Jan/2020:12:53:02 +0800] "GET /fw_7539 HTTP/1.1" 301 178 "-" "Mozilla/5.0 (Linux; Android 6.0.1; Nexus 5X Build/MMB29P) AppleWebKit/537.36 (KHTML, like Gecko) Chrome/41.0.2272.96 Mobile Safari/537.36 (compatible; Googlebot/2.1; +http://www.google.com/bot.html)"
46.229.168.163 - - [15/Jan/2020:12:53:29 +0800] "GET /shop/changeLabelDetail?labelId=2&mill=1503603813121 HTTP/1.1" 301 178 "-" "Mozilla/5.0 (compatible; SemrushBot/6~bl; +http://www.semrush.com/bot.html)"
134.119.216.167 - - [15/Jan/2020:12:56:50 +0800] "GET / HTTP/1.1" 301 178 "https://www.xiaoyuer.com" "Mozilla/5.0 (Windows NT 6.1; WOW64) AppleWebKit/537.36 (KHTML, like Gecko) Chrome/52.0.2743.116 Safari/537.36"
49.7.20.144 - - [15/Jan/2020:12:59:10 +0800] "GET /shop/changeLabelDetail?mill=1472808183203&labelId=3 HTTP/1.1" 301 178 "-" "Sogou web spider/4.0(+http://www.sogou.com/docs/help/webmasters.htm#07)"
117.135.187.18 - - [15/Jan/2020:12:59:18 +0800] "GET / HTTP/1.1" 301 178 "-" "Mozilla/5.0 (Windows NT 10.0; Win64; x64) AppleWebKit/537.36 (KHTML, like Gecko) Chrome/71.0.3578.98 Safari/537.36"
101.68.68.234 - - [15/Jan/2020:13:00:42 +0800] "GET / HTTP/1.1" 301 178 "https://www.baidu.com/link?url=sd7vnitUCBsY9JQT7SOWpcRYre3cnTkvWFZzFLkRsE2aB8bBO9JGwr_uHI-fPuKF&wd=&eqid=de7fa5d400002eed000000055e1e9c72" "Mozilla/5.0 (Windows NT 10.0; Win64; x64) AppleWebKit/537.36 (KHTML, like Gecko) Chrome/70.0.3538.102 Safari/537.36 Edge/18.18362"
49.7.20.144 - - [15/Jan/2020:13:01:07 +0800] "GET /shop/changeLabelDetail?mill=1476349445398&labelId=3 HTTP/1.1" 301 178 "-" "Sogou web spider/4.0(+http://www.sogou.com/docs/help/webmasters.htm#07)"
49.7.20.144 - - [15/Jan/2020:13:01:22 +0800] "GET /shop/changeLabelDetail?mill=1495353105749&labelId=3 HTTP/1.1" 301 178 "-" "Sogou web spider/4.0(+http://www.sogou.com/docs/help/webmasters.htm#07)"
221.226.49.186 - - [15/Jan/2020:13:01:37 +0800] "GET /images/webimage/common/xye-g-icons.png HTTP/1.1" 301 178 "-" "Mozilla/5.0 (Windows NT 6.1; Win64; x64; rv:72.0) Gecko/20100101 Firefox/72.0"
49.7.20.144 - - [15/Jan/2020:13:01:55 +0800] "GET /shop/changeLabelDetail?mill=1495851338376&labelId=3 HTTP/1.1" 301 178 "-" "Sogou web spider/4.0(+http://www.sogou.com/docs/help/webmasters.htm#07)"
49.7.20.144 - - [15/Jan/2020:13:02:15 +0800] "GET /shop/changeLabelDetail?mill=1501527208915&labelId=1 HTTP/1.1" 301 178 "-" "Sogou web spider/4.0(+http://www.sogou.com/docs/help/webmasters.htm#07)"
49.7.20.144 - - [15/Jan/2020:13:02:44 +0800] "GET /fw_3284 HTTP/1.1" 301 178 "-" "Sogou web spider/4.0(+http://www.sogou.com/docs/help/webmasters.htm#07)"
49.7.20.144 - - [15/Jan/2020:13:03:20 +0800] "GET /shop/changeLabelDetail?mill=1506233690472&labelId=1 HTTP/1.1" 301 178 "-" "Sogou web spider/4.0(+http://www.sogou.com/docs/help/webmasters.htm#07)"
46.229.168.140 - - [15/Jan/2020:13:03:21 +0800] "GET /fw_5338 HTTP/1.1" 301 178 "-" "Mozilla/5.0 (compatible; SemrushBot/6~bl; +http://www.semrush.com/bot.html)"
49.7.20.144 - - [15/Jan/2020:13:03:38 +0800] "GET /xuqiu_scyx_hdzh HTTP/1.1" 301 178 "-" "Sogou web spider/4.0(+http://www.sogou.com/docs/help/webmasters.htm#07)"
134.119.216.167 - - [15/Jan/2020:13:03:50 +0800] "GET / HTTP/1.1" 301 178 "https://m.xiaoyuer.com" "Mozilla/5.0 (Windows NT 6.1; WOW64) AppleWebKit/537.36 (KHTML, like Gecko) Chrome/52.0.2743.116 Safari/537.36"
49.7.20.144 - - [15/Jan/2020:13:03:58 +0800] "GET /fw_3425 HTTP/1.1" 301 178 "-" "Sogou web spider/4.0(+http://www.sogou.com/docs/help/webmasters.htm#07)"
134.119.216.167 - - [15/Jan/2020:13:04:02 +0800] "GET / HTTP/1.1" 301 178 "https://m.xiaoyuer.com" "Mozilla/5.0 (Windows NT 6.1; WOW64) AppleWebKit/537.36 (KHTML, like Gecko) Chrome/52.0.2743.116 Safari/537.36"
125.109.175.142 - - [15/Jan/2020:13:04:19 +0800] "GET /images/webimage/common/xye-g-icons.png HTTP/1.1" 301 178 "-" "Mozilla/5.0 (iPhone; CPU iPhone OS 13_3 like Mac OS X) AppleWebKit/605.1.15 (KHTML, like Gecko) Mobile/15E148 SP-engine/2.14.0 main%2F1.0 baiduboxapp/11.18.0.16 (Baidu; P2 13.3)"
49.7.20.144 - - [15/Jan/2020:13:05:28 +0800] "GET /xq_971 HTTP/1.1" 301 178 "-" "Sogou web spider/4.0(+http://www.sogou.com/docs/help/webmasters.htm#07)"
173.208.200.154 - - [15/Jan/2020:13:07:02 +0800] "GET /robots.txt HTTP/1.1" 301 178 "-" "Mozilla/5.0 (compatible; MJ12bot/v1.4.8; http://mj12bot.com/)"
173.208.200.154 - - [15/Jan/2020:13:07:22 +0800] "GET /shop/changeLabelDetail?mill=1499249224057&labelId=1 HTTP/1.1" 301 178 "-" "Mozilla/5.0 (compatible; MJ12bot/v1.4.8; http://mj12bot.com/)"
49.7.20.144 - - [15/Jan/2020:13:07:33 +0800] "GET /shop/changeLabelDetail?mill=1495347559869&labelId=3 HTTP/1.1" 301 178 "-" "Sogou web spider/4.0(+http://www.sogou.com/docs/help/webmasters.htm#07)"
173.208.200.154 - - [15/Jan/2020:13:07:38 +0800] "GET /shop/changeLabelDetail?mill=1505720677352&labelId=4 HTTP/1.1" 301 178 "-" "Mozilla/5.0 (compatible; MJ12bot/v1.4.8; http://mj12bot.com/)"
173.208.200.154 - - [15/Jan/2020:13:08:00 +0800] "GET /shop/changeLabelDetail?mill=1505720735305&labelId=1 HTTP/1.1" 301 178 "-" "Mozilla/5.0 (compatible; MJ12bot/v1.4.8; http://mj12bot.com/)"
54.36.149.56 - - [15/Jan/2020:13:08:17 +0800] "GET /usercenterent/phome/comment/require/111509 HTTP/1.1" 301 178 "-" "Mozilla/5.0 (compatible; AhrefsBot/6.1; +http://ahrefs.com/robot/)"
49.7.20.144 - - [15/Jan/2020:13:08:21 +0800] "GET /shop/changeLabelDetail?mill=1501522233872&labelId=1 HTTP/1.1" 301 178 "-" "Sogou web spider/4.0(+http://www.sogou.com/docs/help/webmasters.htm#07)"
173.208.200.154 - - [15/Jan/2020:13:08:22 +0800] "GET /shop/changeLabelDetail?mill=1505720735305&labelId=2 HTTP/1.1" 301 178 "-" "Mozilla/5.0 (compatible; MJ12bot/v1.4.8; http://mj12bot.com/)"
134.119.216.167 - - [15/Jan/2020:13:08:31 +0800] "GET / HTTP/1.1" 301 178 "https://m.xiaoyuer.com" "Mozilla/5.0 (Windows NT 6.1; WOW64) AppleWebKit/537.36 (KHTML, like Gecko) Chrome/52.0.2743.116 Safari/537.36"
49.7.20.144 - - [15/Jan/2020:13:08:43 +0800] "GET /usercenterent/phome/comment/service/114407 HTTP/1.1" 301 178 "-" "Sogou web spider/4.0(+http://www.sogou.com/docs/help/webmasters.htm#07)"
185.244.217.155 - - [15/Jan/2020:13:08:48 +0800] "GET / HTTP/1.1" 301 178 "-" "Mozilla/5.0 (Windows NT 10.0; Win64; x64) AppleWebKit/537.36 (KHTML, like Gecko) Chrome/61.0.3163.100 Safari/537.36"
134.119.216.167 - - [15/Jan/2020:13:08:50 +0800] "GET / HTTP/1.1" 301 178 "https://m.xiaoyuer.com" "Mozilla/5.0 (Windows NT 6.1; WOW64) AppleWebKit/537.36 (KHTML, like Gecko) Chrome/52.0.2743.116 Safari/537.36"
173.208.200.154 - - [15/Jan/2020:13:08:50 +0800] "GET /shop/changeLabelDetail?mill=1505720735305&labelId=3 HTTP/1.1" 301 178 "-" "Mozilla/5.0 (compatible; MJ12bot/v1.4.8; http://mj12bot.com/)"
173.208.200.154 - - [15/Jan/2020:13:09:54 +0800] "GET /shop/changeLabelDetail?mill=1505720750111&labelId=3 HTTP/1.1" 301 178 "-" "Mozilla/5.0 (compatible; MJ12bot/v1.4.8; http://mj12bot.com/)"
173.208.200.154 - - [15/Jan/2020:13:10:14 +0800] "GET /shop/changeLabelDetail?mill=1505720750111&labelId=4 HTTP/1.1" 301 178 "-" "Mozilla/5.0 (compatible; MJ12bot/v1.4.8; http://mj12bot.com/)"
173.208.200.154 - - [15/Jan/2020:13:10:38 +0800] "GET /shop/changeLabelDetail?mill=1505720757920&labelId=1 HTTP/1.1" 301 178 "-" "Mozilla/5.0 (compatible; MJ12bot/v1.4.8; http://mj12bot.com/)"
173.208.200.154 - - [15/Jan/2020:13:11:01 +0800] "GET /shop/changeLabelDetail?mill=1505720757920&labelId=2 HTTP/1.1" 301 178 "-" "Mozilla/5.0 (compatible; MJ12bot/v1.4.8; http://mj12bot.com/)"
213.32.253.145 - - [15/Jan/2020:13:11:03 +0800] "GET / HTTP/1.1" 301 178 "-" "Mozilla/5.0 (Windows NT 6.1; WOW64) AppleWebKit/537.36 (KHTML, like Gecko) Chrome/52.0.2743.116 Safari/537.36"
173.208.200.154 - - [15/Jan/2020:13:11:20 +0800] "GET /shop/changeLabelDetail?mill=1505720757920&labelId=3 HTTP/1.1" 301 178 "-" "Mozilla/5.0 (compatible; MJ12bot/v1.4.8; http://mj12bot.com/)"
173.208.200.154 - - [15/Jan/2020:13:11:44 +0800] "GET /shop/changeLabelDetail?mill=1505720757920&labelId=4 HTTP/1.1" 301 178 "-" "Mozilla/5.0 (compatible; MJ12bot/v1.4.8; http://mj12bot.com/)"
173.208.200.154 - - [15/Jan/2020:13:12:03 +0800] "GET /shop/changeLabelDetail?mill=1505720764080&labelId=1 HTTP/1.1" 301 178 "-" "Mozilla/5.0 (compatible; MJ12bot/v1.4.8; http://mj12bot.com/)"
46.229.168.148 - - [15/Jan/2020:13:12:04 +0800] "GET /homepage/req/124302 HTTP/1.1" 301 178 "-" "Mozilla/5.0 (compatible; SemrushBot/6~bl; +http://www.semrush.com/bot.html)"
173.208.200.154 - - [15/Jan/2020:13:12:27 +0800] "GET /shop/changeLabelDetail?mill=1505720764080&labelId=2 HTTP/1.1" 301 178 "-" "Mozilla/5.0 (compatible; MJ12bot/v1.4.8; http://mj12bot.com/)"
173.208.200.154 - - [15/Jan/2020:13:12:50 +0800] "GET /shop/changeLabelDetail?mill=1505720764080&labelId=3 HTTP/1.1" 301 178 "-" "Mozilla/5.0 (compatible; MJ12bot/v1.4.8; http://mj12bot.com/)"
46.229.168.145 - - [15/Jan/2020:13:13:09 +0800] "GET /xq_5128 HTTP/1.1" 301 178 "-" "Mozilla/5.0 (compatible; SemrushBot/6~bl; +http://www.semrush.com/bot.html)"
223.104.240.42 - - [15/Jan/2020:13:13:19 +0800] "GET / HTTP/1.1" 301 178 "-" "Mozilla/5.0 (Linux; Android 7.1.2; vivo Y79A Build/N2G47H; wv) AppleWebKit/537.36 (KHTML, like Gecko) Version/4.0 Chrome/55.0.2883.91 Mobile Safari/537.36"
173.208.200.154 - - [15/Jan/2020:13:13:19 +0800] "GET /shop/changeLabelDetail?mill=1505720768127&labelId=1 HTTP/1.1" 301 178 "-" "Mozilla/5.0 (compatible; MJ12bot/v1.4.8; http://mj12bot.com/)"
49.7.20.144 - - [15/Jan/2020:13:13:35 +0800] "GET /shop/changeLabelDetail?mill=1506121010226&labelId=1 HTTP/1.1" 301 178 "-" "Sogou web spider/4.0(+http://www.sogou.com/docs/help/webmasters.htm#07)"
49.7.20.144 - - [15/Jan/2020:13:13:46 +0800] "GET /shop/changeLabelDetail?mill=1501479673782&labelId=2 HTTP/1.1" 301 178 "-" "Sogou web spider/4.0(+http://www.sogou.com/docs/help/webmasters.htm#07)"
173.208.200.154 - - [15/Jan/2020:13:13:49 +0800] "GET /shop/changeLabelDetail?mill=1505720768127&labelId=2 HTTP/1.1" 301 178 "-" "Mozilla/5.0 (compatible; MJ12bot/v1.4.8; http://mj12bot.com/)"
49.7.20.144 - - [15/Jan/2020:13:14:14 +0800] "GET /shop/changeLabelDetail?mill=1477213988916&labelId=3 HTTP/1.1" 301 178 "-" "Sogou web spider/4.0(+http://www.sogou.com/docs/help/webmasters.htm#07)"
173.208.200.154 - - [15/Jan/2020:13:14:18 +0800] "GET /shop/changeLabelDetail?mill=1505720778850&labelId=3 HTTP/1.1" 301 178 "-" "Mozilla/5.0 (compatible; MJ12bot/v1.4.8; http://mj12bot.com/)"
54.36.150.136 - - [15/Jan/2020:13:14:30 +0800] "GET /fw_3608 HTTP/1.1" 301 178 "-" "Mozilla/5.0 (compatible; AhrefsBot/6.1; +http://ahrefs.com/robot/)"
173.208.200.154 - - [15/Jan/2020:13:14:41 +0800] "GET /shop/changeLabelDetail?mill=1505720778850&labelId=4 HTTP/1.1" 301 178 "-" "Mozilla/5.0 (compatible; MJ12bot/v1.4.8; http://mj12bot.com/)"
173.208.200.154 - - [15/Jan/2020:13:15:03 +0800] "GET /shop/changeLabelDetail?mill=1505720783405&labelId=2 HTTP/1.1" 301 178 "-" "Mozilla/5.0 (compatible; MJ12bot/v1.4.8; http://mj12bot.com/)"
46.229.168.138 - - [15/Jan/2020:13:15:22 +0800] "GET /shop/changeLabelDetail?labelId=3&mill=1512969900824 HTTP/1.1" 301 178 "-" "Mozilla/5.0 (compatible; SemrushBot/6~bl; +http://www.semrush.com/bot.html)"
173.208.200.154 - - [15/Jan/2020:13:15:30 +0800] "GET /shop/changeLabelDetail?mill=1505720783405&labelId=3 HTTP/1.1" 301 178 "-" "Mozilla/5.0 (compatible; MJ12bot/v1.4.8; http://mj12bot.com/)"
46.229.168.151 - - [15/Jan/2020:13:15:32 +0800] "GET /shop/changeLabelDetail?labelId=3&mill=1511144744159 HTTP/1.1" 301 178 "-" "Mozilla/5.0 (compatible; SemrushBot/6~bl; +http://www.semrush.com/bot.html)"
49.7.20.144 - - [15/Jan/2020:13:15:43 +0800] "GET /fw_1162 HTTP/1.1" 301 178 "-" "Sogou web spider/4.0(+http://www.sogou.com/docs/help/webmasters.htm#07)"
173.208.200.154 - - [15/Jan/2020:13:15:56 +0800] "GET /shop/changeLabelDetail?mill=1505720783405&labelId=4 HTTP/1.1" 301 178 "-" "Mozilla/5.0 (compatible; MJ12bot/v1.4.8; http://mj12bot.com/)"
173.208.200.154 - - [15/Jan/2020:13:16:25 +0800] "GET /shop/changeLabelDetail?mill=1505720789301&labelId=1 HTTP/1.1" 301 178 "-" "Mozilla/5.0 (compatible; MJ12bot/v1.4.8; http://mj12bot.com/)"
173.208.200.154 - - [15/Jan/2020:13:16:44 +0800] "GET /shop/changeLabelDetail?mill=1505720789301&labelId=2 HTTP/1.1" 301 178 "-" "Mozilla/5.0 (compatible; MJ12bot/v1.4.8; http://mj12bot.com/)"
49.7.20.144 - - [15/Jan/2020:13:17:03 +0800] "GET /xq_2622 HTTP/1.1" 301 178 "-" "Sogou web spider/4.0(+http://www.sogou.com/docs/help/webmasters.htm#07)"
173.208.200.154 - - [15/Jan/2020:13:17:08 +0800] "GET /shop/changeLabelDetail?mill=1505720789301&labelId=3 HTTP/1.1" 301 178 "-" "Mozilla/5.0 (compatible; MJ12bot/v1.4.8; http://mj12bot.com/)"
46.229.168.161 - - [15/Jan/2020:13:17:26 +0800] "GET /fw_1987 HTTP/1.1" 301 178 "-" "Mozilla/5.0 (compatible; SemrushBot/6~bl; +http://www.semrush.com/bot.html)"
173.208.200.154 - - [15/Jan/2020:13:17:34 +0800] "GET /shop/changeLabelDetail?mill=1505720789301&labelId=4 HTTP/1.1" 301 178 "-" "Mozilla/5.0 (compatible; MJ12bot/v1.4.8; http://mj12bot.com/)"
173.208.200.154 - - [15/Jan/2020:13:18:02 +0800] "GET /shop/changeLabelDetail?mill=1505720808126&labelId=1 HTTP/1.1" 301 178 "-" "Mozilla/5.0 (compatible; MJ12bot/v1.4.8; http://mj12bot.com/)"
49.7.20.144 - - [15/Jan/2020:13:18:41 +0800] "GET /fw_1498 HTTP/1.1" 301 178 "-" "Sogou web spider/4.0(+http://www.sogou.com/docs/help/webmasters.htm#07)"
180.141.76.130 - - [15/Jan/2020:13:20:24 +0800] "GET /favicon.ico HTTP/1.1" 301 178 "-" "Mozilla/5.0 (Windows NT 6.1; WOW64) AppleWebKit/537.36 (KHTML, like Gecko) Chrome/63.0.3239.132 Safari/537.36"
49.7.20.144 - - [15/Jan/2020:13:20:41 +0800] "GET /shop/changeLabelDetail?mill=1472819949374&labelId=2 HTTP/1.1" 301 178 "-" "Sogou web spider/4.0(+http://www.sogou.com/docs/help/webmasters.htm#07)"
112.34.110.156 - - [15/Jan/2020:13:21:12 +0800] "GET / HTTP/1.0" 301 178 "https://m.baidu.com/" "Mozilla/5.0 (Linux; Android 9; V1832A Build/PKQ1.190302.001; wv) AppleWebKit/537.36 (KHTML, like Gecko) Version/4.0 Chrome/76.0.3809.89 Mobile Safari/537.36 T7/11.19 SP-engine/2.15.0 baiduboxapp/11.19.0.11 (Baidu; P1 9)"
46.229.168.146 - - [15/Jan/2020:13:21:54 +0800] "GET /xq_5273 HTTP/1.1" 301 178 "-" "Mozilla/5.0 (compatible; SemrushBot/6~bl; +http://www.semrush.com/bot.html)"
46.229.168.133 - - [15/Jan/2020:13:22:47 +0800] "GET /shop/changeLabelDetail?labelId=3&mill=1519279647982 HTTP/1.1" 301 178 "-" "Mozilla/5.0 (compatible; SemrushBot/6~bl; +http://www.semrush.com/bot.html)"
