192.168.8.60 - - [15/Jan/2020:10:02:00 +0800] "GET /xye-open/gateWay/systemGateWay.htm?partner=XYE_ADMIN2&query_type=selectCiticBillAmount&service=op_common_query_service&sign=8f411707b7112b06c8bdf9f64c20542a&sign_type=md5 HTTP/1.1" 301 178 "-" "Apache-HttpClient/4.5.3 (Java/1.8.0_222)"
192.168.8.60 - - [15/Jan/2020:10:03:43 +0800] "GET /xye-open/gateWay/systemGateWay.htm?partner=XYE_ADMIN&service=op_platform_fundOfAccount_service&sign=73ac617cc51c8b340f1d46bbb6022607&sign_type=md5 HTTP/1.1" 301 178 "-" "Apache-HttpClient/4.5.3 (Java/1.8.0_222)"
192.168.8.60 - - [15/Jan/2020:10:03:43 +0800] "GET /xye-open/gateWay/systemGateWay.htm?partner=XYE_ADMIN&service=op_platform_fundOfAccount_service&sign=73ac617cc51c8b340f1d46bbb6022607&sign_type=md5 HTTP/1.1" 301 178 "-" "Apache-HttpClient/4.5.3 (Java/1.8.0_222)"
192.168.8.60 - - [15/Jan/2020:10:03:44 +0800] "GET /xye-open/gateWay/systemGateWay.htm?cardType=2&partner=XYE_ADMIN2&query_type=getSystemBankcard&service=op_common_query_service&userId=1&sign=02b05b22fe497a0e30ef55474c6b1fe0&sign_type=md5 HTTP/1.1" 301 178 "-" "Apache-HttpClient/4.5.3 (Java/1.8.0_222)"
192.168.8.60 - - [15/Jan/2020:10:03:44 +0800] "GET /xye-open/gateWay/systemGateWay.htm?partner=XYE_ADMIN2&query_type=selectCiticBillAmount&service=op_common_query_service&sign=8f411707b7112b06c8bdf9f64c20542a&sign_type=md5 HTTP/1.1" 301 178 "-" "Apache-HttpClient/4.5.3 (Java/1.8.0_222)"
192.168.8.60 - - [15/Jan/2020:10:03:44 +0800] "GET /xye-open/gateWay/systemGateWay.htm?cardType=2&partner=XYE_ADMIN2&query_type=getSystemBankcard&service=op_common_query_service&userId=1&sign=02b05b22fe497a0e30ef55474c6b1fe0&sign_type=md5 HTTP/1.1" 301 178 "-" "Apache-HttpClient/4.5.3 (Java/1.8.0_222)"
192.168.8.60 - - [15/Jan/2020:10:03:44 +0800] "GET /xye-open/gateWay/systemGateWay.htm?partner=XYE_ADMIN2&query_type=selectCiticBillAmount&service=op_common_query_service&sign=8f411707b7112b06c8bdf9f64c20542a&sign_type=md5 HTTP/1.1" 301 178 "-" "Apache-HttpClient/4.5.3 (Java/1.8.0_222)"
118.123.11.166 - - [15/Jan/2020:10:04:34 +0800] "GET / HTTP/1.1" 301 178 "http://www.xiaoyuer.com" "Mozilla/4.0 (compatible; MSIE 9.0; Windows NT 6.1)"
46.229.168.130 - - [15/Jan/2020:10:05:08 +0800] "GET /fw_6898 HTTP/1.1" 301 178 "-" "Mozilla/5.0 (compatible; SemrushBot/6~bl; +http://www.semrush.com/bot.html)"
218.2.168.70 - - [15/Jan/2020:10:06:59 +0800] "GET / HTTP/1.1" 301 178 "-" "Mozilla/5.0 (Windows NT 10.0; Win64; x64) AppleWebKit/537.36 (KHTML, like Gecko) Chrome/70.0.3538.102 Safari/537.36 Edge/18.18362"
117.62.153.203 - - [15/Jan/2020:10:07:12 +0800] "GET /loginBBS?bbsUrl=http://bbs.xiaoyuer.com HTTP/1.1" 301 178 "http://bbs.xiaoyuer.com/home.php?mod=spacecp&ac=usergroup" "Mozilla/5.0 (Windows NT 5.1) AppleWebKit/537.36 (KHTML, like Gecko) Chrome/30.0.1599.101 Safari/537.36"
218.2.168.70 - - [15/Jan/2020:10:07:19 +0800] "GET / HTTP/1.1" 301 178 "-" "Mozilla/5.0 (Windows NT 10.0; Win64; x64) AppleWebKit/537.36 (KHTML, like Gecko) Chrome/70.0.3538.102 Safari/537.36 Edge/18.18362"
120.37.220.231 - - [15/Jan/2020:10:08:36 +0800] "GET /favicon.ico HTTP/1.1" 301 178 "-" "Mozilla/5.0 (Windows NT 10.0; WOW64) AppleWebKit/537.36 (KHTML, like Gecko) Chrome/65.0.3314.0 Safari/537.36 SE 2.X MetaSr 1.0"
218.2.168.70 - - [15/Jan/2020:10:08:39 +0800] "GET / HTTP/1.1" 301 178 "-" "Mozilla/5.0 (Windows NT 10.0; Win64; x64) AppleWebKit/537.36 (KHTML, like Gecko) Chrome/70.0.3538.102 Safari/537.36 Edge/18.18362"
61.140.134.0 - - [15/Jan/2020:10:08:43 +0800] "GET /favicon.ico HTTP/1.1" 301 178 "-" "Mozilla/5.0 (Windows NT 10.0; WOW64) AppleWebKit/537.36 (KHTML, like Gecko) Chrome/63.0.3239.132 Safari/537.36"
218.2.168.70 - - [15/Jan/2020:10:08:59 +0800] "GET / HTTP/1.1" 301 178 "-" "Mozilla/5.0 (Windows NT 10.0; Win64; x64) AppleWebKit/537.36 (KHTML, like Gecko) Chrome/70.0.3538.102 Safari/537.36 Edge/18.18362"
46.229.168.161 - - [15/Jan/2020:10:09:28 +0800] "GET /shop/changeLabelDetail?labelId=1&mill=1507381699650 HTTP/1.1" 301 178 "-" "Mozilla/5.0 (compatible; SemrushBot/6~bl; +http://www.semrush.com/bot.html)"
115.60.78.154 - - [15/Jan/2020:10:11:49 +0800] "GET /favicon.ico HTTP/1.1" 301 178 "-" "Mozilla/5.0 (Windows NT 10.0; WOW64) AppleWebKit/537.36 (KHTML, like Gecko) Chrome/63.0.3239.132 Safari/537.36"
46.229.168.130 - - [15/Jan/2020:10:13:54 +0800] "GET /robots.txt HTTP/1.1" 301 178 "-" "Mozilla/5.0 (compatible; SemrushBot/6~bl; +http://www.semrush.com/bot.html)"
157.55.39.242 - - [15/Jan/2020:10:15:52 +0800] "GET /robots.txt HTTP/1.1" 301 178 "-" "msnbot/2.0b (+http://search.msn.com/msnbot.htm)"
60.190.210.190 - - [15/Jan/2020:10:16:15 +0800] "GET /favicon.ico HTTP/1.1" 301 178 "-" "Mozilla/5.0 (Windows NT 10.0; WOW64) AppleWebKit/537.36 (KHTML, like Gecko) Chrome/63.0.3239.132 Safari/537.36"
39.99.239.247 - - [15/Jan/2020:10:20:13 +0800] "HEAD /admindede/login.php HTTP/1.1" 301 0 "-" "-"
39.99.239.247 - - [15/Jan/2020:10:20:13 +0800] "HEAD /manager/login.php HTTP/1.1" 301 0 "-" "-"
39.99.239.247 - - [15/Jan/2020:10:20:13 +0800] "HEAD /htadmin/login.php HTTP/1.1" 301 0 "-" "-"
39.99.239.247 - - [15/Jan/2020:10:20:13 +0800] "HEAD /admin/login.php HTTP/1.1" 301 0 "-" "-"
39.99.239.247 - - [15/Jan/2020:10:20:13 +0800] "HEAD /dede/login.php HTTP/1.1" 301 0 "-" "-"
39.99.239.247 - - [15/Jan/2020:10:20:13 +0800] "HEAD /manage/login.php HTTP/1.1" 301 0 "-" "-"
203.156.236.2 - - [15/Jan/2020:10:20:48 +0800] "GET /favicon.ico HTTP/1.1" 301 178 "-" "Mozilla/5.0 (Windows NT 10.0; WOW64) AppleWebKit/537.36 (KHTML, like Gecko) Chrome/63.0.3239.132 Safari/537.36"
46.229.168.132 - - [15/Jan/2020:10:22:16 +0800] "GET /shop/changeLabelDetail?labelId=4&mill=1519228255811 HTTP/1.1" 301 178 "-" "Mozilla/5.0 (compatible; SemrushBot/6~bl; +http://www.semrush.com/bot.html)"
218.2.168.70 - - [15/Jan/2020:10:22:44 +0800] "GET / HTTP/1.1" 301 178 "-" "Mozilla/5.0 (Windows NT 10.0; Win64; x64) AppleWebKit/537.36 (KHTML, like Gecko) Chrome/70.0.3538.102 Safari/537.36 Edge/18.18362"
46.229.168.161 - - [15/Jan/2020:10:23:00 +0800] "GET /xq_5243 HTTP/1.1" 301 178 "-" "Mozilla/5.0 (compatible; SemrushBot/6~bl; +http://www.semrush.com/bot.html)"
66.249.71.103 - - [15/Jan/2020:10:23:01 +0800] "GET /fw_6929 HTTP/1.1" 301 178 "-" "Mozilla/5.0 (Linux; Android 6.0.1; Nexus 5X Build/MMB29P) AppleWebKit/537.36 (KHTML, like Gecko) Chrome/41.0.2272.96 Mobile Safari/537.36 (compatible; Googlebot/2.1; +http://www.google.com/bot.html)"
14.215.176.145 - - [15/Jan/2020:10:24:12 +0800] "GET / HTTP/1.0" 301 178 "https://m.baidu.com/" "Mozilla/5.0 (Linux; Android 9; RMX1851 Build/PKQ1.190101.001; wv) AppleWebKit/537.36 (KHTML, like Gecko) Version/4.0 Chrome/76.0.3809.89 Mobile Safari/537.36 T7/11.19 SP-engine/2.15.0 baiduboxapp/11.19.0.11 (Baidu; P1 9) NABar/1.0"
183.253.138.26 - - [15/Jan/2020:10:24:40 +0800] "GET /favicon.ico HTTP/1.1" 301 178 "-" "Mozilla/5.0 (Windows NT 6.1; WOW64) AppleWebKit/537.36 (KHTML, like Gecko) Chrome/63.0.3239.132 Safari/537.36"
223.91.66.4 - - [15/Jan/2020:10:28:47 +0800] "GET /index.jsp?way=toMain HTTP/1.1" 301 178 "-" "Mozilla/5.0 (Linux; Android 9; HTC U-3w) AppleWebKit/537.36 (KHTML, like Gecko) Chrome/78.0.3904.96 Mobile Safari/537.36"
42.156.136.79 - - [15/Jan/2020:10:31:25 +0800] "GET / HTTP/1.1" 301 178 "-" "Mozilla/5.0 (iPhone; CPU iPhone OS 10_3 like Mac OS X) AppleWebKit/602.1.50 (KHTML, like Gecko) CriOS/56.0.2924.75 Mobile/14E5239e YisouSpider/5.0 Safari/602.1"
46.229.168.161 - - [15/Jan/2020:10:32:51 +0800] "GET /xq_4589 HTTP/1.1" 301 178 "-" "Mozilla/5.0 (compatible; SemrushBot/6~bl; +http://www.semrush.com/bot.html)"
157.245.54.178 - - [15/Jan/2020:10:33:24 +0800] "GET /loginbbs?bbsurl=http://bbs.xiaoyuer.com HTTP/1.1" 301 178 "http://bbs.xiaoyuer.com/member.php?mod=logging&action=login&loginsubmit=yes&infloat=yes&lssubmit=yes" "Mozilla/5.0 (Windows NT 6.1; WOW64) AppleWebKit/537.36 (KHTML, like Gecko) Chrome/52.0.2743.116 Safari/537.36"
223.91.66.4 - - [15/Jan/2020:10:35:06 +0800] "GET /images/webimage/common/xye-g-icons.png HTTP/1.1" 301 178 "-" "Mozilla/5.0 (Linux; Android 9; HTC U-3w) AppleWebKit/537.36 (KHTML, like Gecko) Chrome/78.0.3904.96 Mobile Safari/537.36"
157.245.54.178 - - [15/Jan/2020:10:36:15 +0800] "GET /loginbbs?bbsurl=http://bbs.xiaoyuer.com HTTP/1.1" 301 178 "http://bbs.xiaoyuer.com/member.php?mod=logging&action=login&loginsubmit=yes&infloat=yes&lssubmit=yes" "Mozilla/5.0 (Windows NT 6.1; WOW64) AppleWebKit/537.36 (KHTML, like Gecko) Chrome/52.0.2743.116 Safari/537.36"
180.101.52.227 - - [15/Jan/2020:10:36:45 +0800] "GET / HTTP/1.0" 301 178 "https://m.baidu.com/" "Mozilla/5.0 (Linux; Android 9; PAR-AL00 Build/HUAWEIPAR-AL00; wv) AppleWebKit/537.36 (KHTML, like Gecko) Version/4.0 Chrome/76.0.3809.89 Mobile Safari/537.36 T7/11.19 SP-engine/2.15.0 baiduboxapp/11.19.0.11 (Baidu; P1 9)"
157.245.54.178 - - [15/Jan/2020:10:36:48 +0800] "GET /loginbbs?bbsurl=http://bbs.xiaoyuer.com HTTP/1.1" 301 178 "http://bbs.xiaoyuer.com/member.php?mod=logging&action=login&loginsubmit=yes&infloat=yes&lssubmit=yes" "Mozilla/5.0 (Windows NT 6.1; WOW64) AppleWebKit/537.36 (KHTML, like Gecko) Chrome/52.0.2743.116 Safari/537.36"
46.229.168.143 - - [15/Jan/2020:10:37:11 +0800] "GET /fw_1685 HTTP/1.1" 301 178 "-" "Mozilla/5.0 (compatible; SemrushBot/6~bl; +http://www.semrush.com/bot.html)"
157.245.54.178 - - [15/Jan/2020:10:39:59 +0800] "GET /loginbbs?bbsurl=http://bbs.xiaoyuer.com HTTP/1.1" 301 178 "http://bbs.xiaoyuer.com/member.php?mod=logging&action=login&loginsubmit=yes&infloat=yes&lssubmit=yes" "Mozilla/5.0 (Windows NT 6.1; WOW64) AppleWebKit/537.36 (KHTML, like Gecko) Chrome/52.0.2743.116 Safari/537.36"
157.245.54.178 - - [15/Jan/2020:10:41:53 +0800] "GET /loginbbs?bbsurl=http://bbs.xiaoyuer.com HTTP/1.1" 301 178 "http://bbs.xiaoyuer.com/member.php?mod=logging&action=login&loginsubmit=yes&infloat=yes&lssubmit=yes" "Mozilla/5.0 (Windows NT 6.1; WOW64) AppleWebKit/537.36 (KHTML, like Gecko) Chrome/52.0.2743.116 Safari/537.36"
51.77.119.239 - - [15/Jan/2020:10:42:57 +0800] "GET /user/register/ HTTP/1.1" 301 178 "-" "Mozilla/5.0 (Windows; U; Windows NT 5.1; de; rv:1.9) Gecko/2008052906 Firefox/3.0"
46.229.168.162 - - [15/Jan/2020:10:46:26 +0800] "GET /xq_4053 HTTP/1.1" 301 178 "-" "Mozilla/5.0 (compatible; SemrushBot/6~bl; +http://www.semrush.com/bot.html)"
27.10.197.37 - - [15/Jan/2020:10:48:10 +0800] "GET /favicon.ico HTTP/1.1" 301 178 "-" "Mozilla/5.0 (Windows NT 6.1; WOW64) AppleWebKit/537.36 (KHTML, like Gecko) Chrome/63.0.3239.132 Safari/537.36"
46.229.168.150 - - [15/Jan/2020:10:49:00 +0800] "GET /shop/changeLabelDetail?labelId=2&mill=1520134266079 HTTP/1.1" 301 178 "-" "Mozilla/5.0 (compatible; SemrushBot/6~bl; +http://www.semrush.com/bot.html)"
218.205.57.2 - - [15/Jan/2020:10:49:52 +0800] "GET /favicon.ico HTTP/1.1" 301 178 "-" "Mozilla/5.0 (Windows NT 10.0; WOW64) AppleWebKit/537.36 (KHTML, like Gecko) Chrome/69.0.3497.100 Safari/537.36"
178.154.171.118 - - [15/Jan/2020:10:51:24 +0800] "GET /robots.txt HTTP/1.1" 301 178 "-" "Mozilla/5.0 (compatible; YandexBot/3.0; +http://yandex.com/bots)"
178.154.171.118 - - [15/Jan/2020:10:51:28 +0800] "GET / HTTP/1.1" 301 178 "-" "Mozilla/5.0 (compatible; YandexBot/3.0; +http://yandex.com/bots)"
218.255.71.177 - - [15/Jan/2020:10:51:35 +0800] "GET /favicon.ico HTTP/1.1" 301 178 "-" "Mozilla/5.0 (Windows NT 10.0; WOW64) AppleWebKit/537.36 (KHTML, like Gecko) Chrome/55.0.2883.87 Safari/537.36"
180.162.33.17 - - [15/Jan/2020:10:52:24 +0800] "GET / HTTP/1.1" 301 178 "https://www.baidu.com/link?url=8OcHXeTvATey8oGDJnPFqFVaVM9Rt3UKAhCuH7ofIo57pC4R3MicL2iYEDCEMcR1&wd=&eqid=e65dda8600010499000000045e1e7e65" "Mozilla/5.0 (Windows NT 6.1; WOW64) AppleWebKit/537.36 (KHTML, like Gecko) Chrome/63.0.3239.132 Safari/537.36"
46.229.168.161 - - [15/Jan/2020:10:54:28 +0800] "GET /shop/changeLabelDetail?labelId=2&mill=1517609450400 HTTP/1.1" 301 178 "-" "Mozilla/5.0 (compatible; SemrushBot/6~bl; +http://www.semrush.com/bot.html)"
54.36.150.139 - - [15/Jan/2020:10:55:23 +0800] "GET /usercenter/phome/msg/118248 HTTP/1.1" 301 178 "-" "Mozilla/5.0 (compatible; AhrefsBot/6.1; +http://ahrefs.com/robot/)"
69.46.73.10 - - [15/Jan/2020:10:57:12 +0800] "GET / HTTP/1.1" 301 178 "http://www.baidu.com" "Mozilla/4.0 (compatible; MSIE 9.0; Windows NT 6.1)"
46.229.168.141 - - [15/Jan/2020:10:57:46 +0800] "GET /shop/changeLabelDetail?labelId=1&mill=1508464017636 HTTP/1.1" 301 178 "-" "Mozilla/5.0 (compatible; SemrushBot/6~bl; +http://www.semrush.com/bot.html)"
60.3.113.181 - - [15/Jan/2020:10:58:47 +0800] "GET / HTTP/1.1" 301 178 "-" "Mozilla/5.0 (iPhone; CPU iPhone OS 13_3 like Mac OS X) AppleWebKit/605.1.15 (KHTML, like Gecko) Version/13.0.4 Mobile/15E148 Safari/604.1"
180.101.52.195 - - [15/Jan/2020:10:59:55 +0800] "GET / HTTP/1.0" 301 178 "https://m.baidu.com/" "Mozilla/5.0 (Linux; Android 9; RVL-AL09 Build/HUAWEIRVL-AL09; wv) AppleWebKit/537.36 (KHTML, like Gecko) Version/4.0 Chrome/76.0.3809.89 Mobile Safari/537.36 T7/11.19 SP-engine/2.15.0 baiduboxapp/11.19.0.11 (Baidu; P1 9)"
46.229.168.149 - - [15/Jan/2020:11:01:06 +0800] "GET /shop/changeLabelDetail?labelId=4&mill=1512937493340 HTTP/1.1" 301 178 "-" "Mozilla/5.0 (compatible; SemrushBot/6~bl; +http://www.semrush.com/bot.html)"
61.173.89.9 - - [15/Jan/2020:11:02:16 +0800] "GET /favicon.ico HTTP/1.1" 301 178 "-" "Mozilla/5.0 (Windows NT 6.1; WOW64) AppleWebKit/537.36 (KHTML, like Gecko) Chrome/63.0.3239.132 Safari/537.36"
36.57.166.77 - - [15/Jan/2020:11:02:49 +0800] "GET / HTTP/1.1" 301 178 "-" "Mozilla/5.0 (iPhone; CPU iPhone OS 12_3_1 like Mac OS X) AppleWebKit/605.1.15 (KHTML, like Gecko) Mobile/15E148 SP-engine/2.14.0"
111.3.48.83 - - [15/Jan/2020:11:04:19 +0800] "GET / HTTP/1.1" 301 178 "https://www.sogou.com/link?url=DSOYnZeCC_rSmJPmvQvq-w2wwbkTYmpvreaVHN88tHY." "Mozilla/5.0 (Windows NT 10.0; WOW64) AppleWebKit/537.36 (KHTML, like Gecko) Chrome/70.0.3538.25 Safari/537.36 Core/1.70.3741.400 QQBrowser/10.5.3863.400"
119.52.219.126 - - [15/Jan/2020:11:04:45 +0800] "GET / HTTP/1.1" 301 178 "-" "Mozilla/5.0 (Windows NT 10.0; WOW64) AppleWebKit/537.36 (KHTML, like Gecko) Chrome/69.0.3497.100 Safari/537.36"
192.168.8.60 - - [15/Jan/2020:11:05:08 +0800] "GET /xye-open/gateWay/systemGateWay.htm?partner=XYE_ADMIN&service=op_platform_fundOfAccount_service&sign=73ac617cc51c8b340f1d46bbb6022607&sign_type=md5 HTTP/1.1" 301 178 "-" "Apache-HttpClient/4.5.3 (Java/1.8.0_222)"
192.168.8.60 - - [15/Jan/2020:11:05:09 +0800] "GET /xye-open/gateWay/systemGateWay.htm?cardType=2&partner=XYE_ADMIN2&query_type=getSystemBankcard&service=op_common_query_service&userId=1&sign=02b05b22fe497a0e30ef55474c6b1fe0&sign_type=md5 HTTP/1.1" 301 178 "-" "Apache-HttpClient/4.5.3 (Java/1.8.0_222)"
192.168.8.60 - - [15/Jan/2020:11:05:09 +0800] "GET /xye-open/gateWay/systemGateWay.htm?partner=XYE_ADMIN2&query_type=selectCiticBillAmount&service=op_common_query_service&sign=8f411707b7112b06c8bdf9f64c20542a&sign_type=md5 HTTP/1.1" 301 178 "-" "Apache-HttpClient/4.5.3 (Java/1.8.0_222)"
46.229.168.149 - - [15/Jan/2020:11:06:49 +0800] "GET /shop/changeLabelDetail?labelId=2&mill=1518167151002 HTTP/1.1" 301 178 "-" "Mozilla/5.0 (compatible; SemrushBot/6~bl; +http://www.semrush.com/bot.html)"
46.229.168.141 - - [15/Jan/2020:11:10:55 +0800] "GET /shop/changeLabelDetail?labelId=3&mill=1503588228242 HTTP/1.1" 301 178 "-" "Mozilla/5.0 (compatible; SemrushBot/6~bl; +http://www.semrush.com/bot.html)"
192.168.8.60 - - [15/Jan/2020:11:11:54 +0800] "GET /xye-open/gateWay/systemGateWay.htm?partner=XYE_ADMIN&service=op_platform_fundOfAccount_service&sign=73ac617cc51c8b340f1d46bbb6022607&sign_type=md5 HTTP/1.1" 301 178 "-" "Apache-HttpClient/4.5.3 (Java/1.8.0_222)"
192.168.8.60 - - [15/Jan/2020:11:11:55 +0800] "GET /xye-open/gateWay/systemGateWay.htm?cardType=2&partner=XYE_ADMIN2&query_type=getSystemBankcard&service=op_common_query_service&userId=1&sign=02b05b22fe497a0e30ef55474c6b1fe0&sign_type=md5 HTTP/1.1" 301 178 "-" "Apache-HttpClient/4.5.3 (Java/1.8.0_222)"
192.168.8.60 - - [15/Jan/2020:11:11:55 +0800] "GET /xye-open/gateWay/systemGateWay.htm?partner=XYE_ADMIN2&query_type=selectCiticBillAmount&service=op_common_query_service&sign=8f411707b7112b06c8bdf9f64c20542a&sign_type=md5 HTTP/1.1" 301 178 "-" "Apache-HttpClient/4.5.3 (Java/1.8.0_222)"
198.15.134.34 - - [15/Jan/2020:11:13:07 +0800] "GET /homepage/ser/92 HTTP/1.1" 301 178 "http://www.baidu.com" "Mozilla/4.0 (compatible; MSIE 9.0; Windows NT 6.1)"
46.229.168.153 - - [15/Jan/2020:11:14:58 +0800] "GET /shop/changeLabelDetail?labelId=2&mill=1505747731874 HTTP/1.1" 301 178 "-" "Mozilla/5.0 (compatible; SemrushBot/6~bl; +http://www.semrush.com/bot.html)"
49.7.20.144 - - [15/Jan/2020:11:15:42 +0800] "GET /fuwu_whys_dk HTTP/1.1" 301 178 "-" "Sogou web spider/4.0(+http://www.sogou.com/docs/help/webmasters.htm#07)"
192.168.8.60 - - [15/Jan/2020:11:15:54 +0800] "GET /xye-open/gateWay/systemGateWay.htm?partner=XYE_ADMIN&service=op_platform_fundOfAccount_service&sign=73ac617cc51c8b340f1d46bbb6022607&sign_type=md5 HTTP/1.1" 301 178 "-" "Apache-HttpClient/4.5.3 (Java/1.8.0_222)"
192.168.8.60 - - [15/Jan/2020:11:15:55 +0800] "GET /xye-open/gateWay/systemGateWay.htm?cardType=2&partner=XYE_ADMIN2&query_type=getSystemBankcard&service=op_common_query_service&userId=1&sign=02b05b22fe497a0e30ef55474c6b1fe0&sign_type=md5 HTTP/1.1" 301 178 "-" "Apache-HttpClient/4.5.3 (Java/1.8.0_222)"
192.168.8.60 - - [15/Jan/2020:11:15:55 +0800] "GET /xye-open/gateWay/systemGateWay.htm?partner=XYE_ADMIN2&query_type=selectCiticBillAmount&service=op_common_query_service&sign=8f411707b7112b06c8bdf9f64c20542a&sign_type=md5 HTTP/1.1" 301 178 "-" "Apache-HttpClient/4.5.3 (Java/1.8.0_222)"
60.177.222.238 - - [15/Jan/2020:11:16:05 +0800] "GET /favicon.ico HTTP/1.1" 301 178 "-" "Mozilla/5.0 (Windows NT 10.0; WOW64) AppleWebKit/537.36 (KHTML, like Gecko) Chrome/69.0.3497.100 Safari/537.36"
192.168.8.60 - - [15/Jan/2020:11:16:17 +0800] "GET /xye-open/gateWay/systemGateWay.htm?bureauId=27&child_type=1&partner=XYE_ADMIN2&query_type=query_sys_bank_user&service=op_common_query_service&type=2&sign=4757f4145540736e6820b5fb686dae17&sign_type=md5 HTTP/1.1" 301 178 "-" "Apache-HttpClient/4.5.3 (Java/1.8.0_222)"
192.168.8.60 - - [15/Jan/2020:11:16:17 +0800] "GET /xye-open/gateWay/systemGateWay.htm?bureauId=27&child_type=1&partner=XYE_ADMIN2&query_type=query_sys_bank_user&service=op_common_query_service&type=2&sign=4757f4145540736e6820b5fb686dae17&sign_type=md5 HTTP/1.1" 301 178 "-" "Apache-HttpClient/4.5.3 (Java/1.8.0_222)"
192.168.8.60 - - [15/Jan/2020:11:16:18 +0800] "GET /xye-open/gateWay/systemGateWay.htm?bureauId=27&child_type=1&partner=XYE_ADMIN2&query_type=query_sys_bank_user&service=op_common_query_service&type=2&sign=4757f4145540736e6820b5fb686dae17&sign_type=md5 HTTP/1.1" 301 178 "-" "Apache-HttpClient/4.5.3 (Java/1.8.0_222)"
192.168.8.60 - - [15/Jan/2020:11:16:18 +0800] "GET /xye-open/gateWay/systemGateWay.htm?bureauId=27&child_type=1&partner=XYE_ADMIN2&query_type=query_sys_bank_user&service=op_common_query_service&type=2&sign=4757f4145540736e6820b5fb686dae17&sign_type=md5 HTTP/1.1" 301 178 "-" "Apache-HttpClient/4.5.3 (Java/1.8.0_222)"
192.168.8.60 - - [15/Jan/2020:11:16:18 +0800] "GET /xye-open/gateWay/systemGateWay.htm?bureauId=27&child_type=1&partner=XYE_ADMIN2&query_type=query_sys_bank_user&service=op_common_query_service&type=2&sign=4757f4145540736e6820b5fb686dae17&sign_type=md5 HTTP/1.1" 301 178 "-" "Apache-HttpClient/4.5.3 (Java/1.8.0_222)"
49.7.20.144 - - [15/Jan/2020:11:16:18 +0800] "GET /shop/changeLabelDetail?mill=1472881376258&labelId=1 HTTP/1.1" 301 178 "-" "Sogou web spider/4.0(+http://www.sogou.com/docs/help/webmasters.htm#07)"
192.168.8.60 - - [15/Jan/2020:11:16:21 +0800] "GET /xye-open/gateWay/systemGateWay.htm?bureauId=27&child_type=1&partner=XYE_ADMIN2&query_type=query_sys_bank_user&service=op_common_query_service&type=2&sign=4757f4145540736e6820b5fb686dae17&sign_type=md5 HTTP/1.1" 301 178 "-" "Apache-HttpClient/4.5.3 (Java/1.8.0_222)"
192.168.8.60 - - [15/Jan/2020:11:16:22 +0800] "GET /xye-open/gateWay/systemGateWay.htm?bureauId=27&child_type=1&partner=XYE_ADMIN2&query_type=query_sys_bank_user&service=op_common_query_service&type=2&sign=4757f4145540736e6820b5fb686dae17&sign_type=md5 HTTP/1.1" 301 178 "-" "Apache-HttpClient/4.5.3 (Java/1.8.0_222)"
192.168.8.60 - - [15/Jan/2020:11:16:22 +0800] "GET /xye-open/gateWay/systemGateWay.htm?bureauId=27&child_type=1&partner=XYE_ADMIN2&query_type=query_sys_bank_user&service=op_common_query_service&type=2&sign=4757f4145540736e6820b5fb686dae17&sign_type=md5 HTTP/1.1" 301 178 "-" "Apache-HttpClient/4.5.3 (Java/1.8.0_222)"
192.168.8.60 - - [15/Jan/2020:11:16:22 +0800] "GET /xye-open/gateWay/systemGateWay.htm?bureauId=27&child_type=1&partner=XYE_ADMIN2&query_type=query_sys_bank_user&service=op_common_query_service&type=2&sign=4757f4145540736e6820b5fb686dae17&sign_type=md5 HTTP/1.1" 301 178 "-" "Apache-HttpClient/4.5.3 (Java/1.8.0_222)"
192.168.8.60 - - [15/Jan/2020:11:16:22 +0800] "GET /xye-open/gateWay/systemGateWay.htm?bureauId=27&child_type=1&partner=XYE_ADMIN2&query_type=query_sys_bank_user&service=op_common_query_service&type=2&sign=4757f4145540736e6820b5fb686dae17&sign_type=md5 HTTP/1.1" 301 178 "-" "Apache-HttpClient/4.5.3 (Java/1.8.0_222)"
192.168.8.60 - - [15/Jan/2020:11:16:26 +0800] "GET /xye-open/gateWay/systemGateWay.htm?bureauId=27&child_type=1&partner=XYE_ADMIN2&query_type=query_sys_bank_user&service=op_common_query_service&type=2&sign=4757f4145540736e6820b5fb686dae17&sign_type=md5 HTTP/1.1" 301 178 "-" "Apache-HttpClient/4.5.3 (Java/1.8.0_222)"
192.168.8.60 - - [15/Jan/2020:11:16:26 +0800] "GET /xye-open/gateWay/systemGateWay.htm?bureauId=27&child_type=1&partner=XYE_ADMIN2&query_type=query_sys_bank_user&service=op_common_query_service&type=2&sign=4757f4145540736e6820b5fb686dae17&sign_type=md5 HTTP/1.1" 301 178 "-" "Apache-HttpClient/4.5.3 (Java/1.8.0_222)"
192.168.8.60 - - [15/Jan/2020:11:16:26 +0800] "GET /xye-open/gateWay/systemGateWay.htm?bureauId=27&child_type=1&partner=XYE_ADMIN2&query_type=query_sys_bank_user&service=op_common_query_service&type=2&sign=4757f4145540736e6820b5fb686dae17&sign_type=md5 HTTP/1.1" 301 178 "-" "Apache-HttpClient/4.5.3 (Java/1.8.0_222)"
192.168.8.60 - - [15/Jan/2020:11:16:26 +0800] "GET /xye-open/gateWay/systemGateWay.htm?bureauId=27&child_type=1&partner=XYE_ADMIN2&query_type=query_sys_bank_user&service=op_common_query_service&type=2&sign=4757f4145540736e6820b5fb686dae17&sign_type=md5 HTTP/1.1" 301 178 "-" "Apache-HttpClient/4.5.3 (Java/1.8.0_222)"
192.168.8.60 - - [15/Jan/2020:11:16:27 +0800] "GET /xye-open/gateWay/systemGateWay.htm?bureauId=27&child_type=1&partner=XYE_ADMIN2&query_type=query_sys_bank_user&service=op_common_query_service&type=2&sign=4757f4145540736e6820b5fb686dae17&sign_type=md5 HTTP/1.1" 301 178 "-" "Apache-HttpClient/4.5.3 (Java/1.8.0_222)"
192.168.8.60 - - [15/Jan/2020:11:16:28 +0800] "GET /xye-open/gateWay/systemGateWay.htm?partner=XYE_ADMIN&service=op_platform_fundOfAccount_service&sign=73ac617cc51c8b340f1d46bbb6022607&sign_type=md5 HTTP/1.1" 301 178 "-" "Apache-HttpClient/4.5.3 (Java/1.8.0_222)"
192.168.8.60 - - [15/Jan/2020:11:16:28 +0800] "GET /xye-open/gateWay/systemGateWay.htm?cardType=2&partner=XYE_ADMIN2&query_type=getSystemBankcard&service=op_common_query_service&userId=1&sign=02b05b22fe497a0e30ef55474c6b1fe0&sign_type=md5 HTTP/1.1" 301 178 "-" "Apache-HttpClient/4.5.3 (Java/1.8.0_222)"
192.168.8.60 - - [15/Jan/2020:11:16:28 +0800] "GET /xye-open/gateWay/systemGateWay.htm?partner=XYE_ADMIN2&query_type=selectCiticBillAmount&service=op_common_query_service&sign=8f411707b7112b06c8bdf9f64c20542a&sign_type=md5 HTTP/1.1" 301 178 "-" "Apache-HttpClient/4.5.3 (Java/1.8.0_222)"
192.168.8.60 - - [15/Jan/2020:11:16:30 +0800] "GET /xye-open/gateWay/systemGateWay.htm?bureauId=27&child_type=1&partner=XYE_ADMIN2&query_type=query_sys_bank_user&service=op_common_query_service&type=2&sign=4757f4145540736e6820b5fb686dae17&sign_type=md5 HTTP/1.1" 301 178 "-" "Apache-HttpClient/4.5.3 (Java/1.8.0_222)"
192.168.8.60 - - [15/Jan/2020:11:16:30 +0800] "GET /xye-open/gateWay/systemGateWay.htm?bureauId=27&child_type=1&partner=XYE_ADMIN2&query_type=query_sys_bank_user&service=op_common_query_service&type=2&sign=4757f4145540736e6820b5fb686dae17&sign_type=md5 HTTP/1.1" 301 178 "-" "Apache-HttpClient/4.5.3 (Java/1.8.0_222)"
192.168.8.60 - - [15/Jan/2020:11:16:31 +0800] "GET /xye-open/gateWay/systemGateWay.htm?bureauId=27&child_type=1&partner=XYE_ADMIN2&query_type=query_sys_bank_user&service=op_common_query_service&type=2&sign=4757f4145540736e6820b5fb686dae17&sign_type=md5 HTTP/1.1" 301 178 "-" "Apache-HttpClient/4.5.3 (Java/1.8.0_222)"
192.168.8.60 - - [15/Jan/2020:11:16:31 +0800] "GET /xye-open/gateWay/systemGateWay.htm?bureauId=27&child_type=1&partner=XYE_ADMIN2&query_type=query_sys_bank_user&service=op_common_query_service&type=2&sign=4757f4145540736e6820b5fb686dae17&sign_type=md5 HTTP/1.1" 301 178 "-" "Apache-HttpClient/4.5.3 (Java/1.8.0_222)"
192.168.8.60 - - [15/Jan/2020:11:16:31 +0800] "GET /xye-open/gateWay/systemGateWay.htm?bureauId=27&child_type=1&partner=XYE_ADMIN2&query_type=query_sys_bank_user&service=op_common_query_service&type=2&sign=4757f4145540736e6820b5fb686dae17&sign_type=md5 HTTP/1.1" 301 178 "-" "Apache-HttpClient/4.5.3 (Java/1.8.0_222)"
192.168.8.60 - - [15/Jan/2020:11:16:33 +0800] "GET /xye-open/gateWay/systemGateWay.htm?partner=XYE_ADMIN&service=op_platform_fundOfAccount_service&sign=73ac617cc51c8b340f1d46bbb6022607&sign_type=md5 HTTP/1.1" 301 178 "-" "Apache-HttpClient/4.5.3 (Java/1.8.0_222)"
192.168.8.60 - - [15/Jan/2020:11:16:33 +0800] "GET /xye-open/gateWay/systemGateWay.htm?cardType=2&partner=XYE_ADMIN2&query_type=getSystemBankcard&service=op_common_query_service&userId=1&sign=02b05b22fe497a0e30ef55474c6b1fe0&sign_type=md5 HTTP/1.1" 301 178 "-" "Apache-HttpClient/4.5.3 (Java/1.8.0_222)"
192.168.8.60 - - [15/Jan/2020:11:16:34 +0800] "GET /xye-open/gateWay/systemGateWay.htm?partner=XYE_ADMIN2&query_type=selectCiticBillAmount&service=op_common_query_service&sign=8f411707b7112b06c8bdf9f64c20542a&sign_type=md5 HTTP/1.1" 301 178 "-" "Apache-HttpClient/4.5.3 (Java/1.8.0_222)"
192.168.8.60 - - [15/Jan/2020:11:16:39 +0800] "GET /xye-open/gateWay/systemGateWay.htm?partner=XYE_ADMIN&service=op_platform_fundOfAccount_service&sign=73ac617cc51c8b340f1d46bbb6022607&sign_type=md5 HTTP/1.1" 301 178 "-" "Apache-HttpClient/4.5.3 (Java/1.8.0_222)"
192.168.8.60 - - [15/Jan/2020:11:16:40 +0800] "GET /xye-open/gateWay/systemGateWay.htm?cardType=2&partner=XYE_ADMIN2&query_type=getSystemBankcard&service=op_common_query_service&userId=1&sign=02b05b22fe497a0e30ef55474c6b1fe0&sign_type=md5 HTTP/1.1" 301 178 "-" "Apache-HttpClient/4.5.3 (Java/1.8.0_222)"
192.168.8.60 - - [15/Jan/2020:11:16:40 +0800] "GET /xye-open/gateWay/systemGateWay.htm?partner=XYE_ADMIN2&query_type=selectCiticBillAmount&service=op_common_query_service&sign=8f411707b7112b06c8bdf9f64c20542a&sign_type=md5 HTTP/1.1" 301 178 "-" "Apache-HttpClient/4.5.3 (Java/1.8.0_222)"
49.7.20.144 - - [15/Jan/2020:11:17:08 +0800] "GET /my_requires.htm HTTP/1.1" 301 178 "-" "Sogou web spider/4.0(+http://www.sogou.com/docs/help/webmasters.htm#07)"
192.168.8.60 - - [15/Jan/2020:11:17:18 +0800] "GET /xye-open/gateWay/systemGateWay.htm?partner=XYE_ADMIN&service=op_platform_fundOfAccount_service&sign=73ac617cc51c8b340f1d46bbb6022607&sign_type=md5 HTTP/1.1" 301 178 "-" "Apache-HttpClient/4.5.3 (Java/1.8.0_222)"
192.168.8.60 - - [15/Jan/2020:11:17:19 +0800] "GET /xye-open/gateWay/systemGateWay.htm?cardType=2&partner=XYE_ADMIN2&query_type=getSystemBankcard&service=op_common_query_service&userId=1&sign=02b05b22fe497a0e30ef55474c6b1fe0&sign_type=md5 HTTP/1.1" 301 178 "-" "Apache-HttpClient/4.5.3 (Java/1.8.0_222)"
192.168.8.60 - - [15/Jan/2020:11:17:19 +0800] "GET /xye-open/gateWay/systemGateWay.htm?partner=XYE_ADMIN2&query_type=selectCiticBillAmount&service=op_common_query_service&sign=8f411707b7112b06c8bdf9f64c20542a&sign_type=md5 HTTP/1.1" 301 178 "-" "Apache-HttpClient/4.5.3 (Java/1.8.0_222)"
111.206.198.241 - - [15/Jan/2020:11:17:41 +0800] "GET /css/B/common/images/dian.png HTTP/1.1" 301 178 "http://www.xiaoyuer.com/css/B/index/index.css?v=f7dcd0871d" "Mozilla/5.0 (Windows NT 10.0; WOW64) AppleWebKit/537.36 (KHTML, like Gecko) Chrome/45.0.2454.93 Safari/537.36"
49.7.20.144 - - [15/Jan/2020:11:17:46 +0800] "GET /shop/changeLabelDetail?mill=1481923715927&labelId=1 HTTP/1.1" 301 178 "-" "Sogou web spider/4.0(+http://www.sogou.com/docs/help/webmasters.htm#07)"
49.7.20.144 - - [15/Jan/2020:11:17:56 +0800] "GET /shop/changeLabelDetail?mill=1476316155151&labelId=3 HTTP/1.1" 301 178 "-" "Sogou web spider/4.0(+http://www.sogou.com/docs/help/webmasters.htm#07)"
49.7.20.144 - - [15/Jan/2020:11:18:15 +0800] "GET /xq_2866 HTTP/1.1" 301 178 "-" "Sogou web spider/4.0(+http://www.sogou.com/docs/help/webmasters.htm#07)"
49.7.20.144 - - [15/Jan/2020:11:18:31 +0800] "GET /usercenterwel/phome/msg/119686 HTTP/1.1" 301 178 "-" "Sogou web spider/4.0(+http://www.sogou.com/docs/help/webmasters.htm#07)"
49.7.20.144 - - [15/Jan/2020:11:18:45 +0800] "GET /shop/changeLabelDetail?mill=1495347600031&labelId=3 HTTP/1.1" 301 178 "-" "Sogou web spider/4.0(+http://www.sogou.com/docs/help/webmasters.htm#07)"
192.168.8.60 - - [15/Jan/2020:11:18:58 +0800] "GET /xye-open/gateWay/systemGateWay.htm?bureauId=27&child_type=1&partner=XYE_ADMIN2&query_type=query_sys_bank_user&service=op_common_query_service&type=2&sign=4757f4145540736e6820b5fb686dae17&sign_type=md5 HTTP/1.1" 301 178 "-" "Apache-HttpClient/4.5.3 (Java/1.8.0_222)"
192.168.8.60 - - [15/Jan/2020:11:18:58 +0800] "GET /xye-open/gateWay/systemGateWay.htm?bureauId=27&child_type=1&partner=XYE_ADMIN2&query_type=query_sys_bank_user&service=op_common_query_service&type=2&sign=4757f4145540736e6820b5fb686dae17&sign_type=md5 HTTP/1.1" 301 178 "-" "Apache-HttpClient/4.5.3 (Java/1.8.0_222)"
192.168.8.60 - - [15/Jan/2020:11:18:58 +0800] "GET /xye-open/gateWay/systemGateWay.htm?bureauId=27&child_type=1&partner=XYE_ADMIN2&query_type=query_sys_bank_user&service=op_common_query_service&type=2&sign=4757f4145540736e6820b5fb686dae17&sign_type=md5 HTTP/1.1" 301 178 "-" "Apache-HttpClient/4.5.3 (Java/1.8.0_222)"
192.168.8.60 - - [15/Jan/2020:11:18:58 +0800] "GET /xye-open/gateWay/systemGateWay.htm?bureauId=27&child_type=1&partner=XYE_ADMIN2&query_type=query_sys_bank_user&service=op_common_query_service&type=2&sign=4757f4145540736e6820b5fb686dae17&sign_type=md5 HTTP/1.1" 301 178 "-" "Apache-HttpClient/4.5.3 (Java/1.8.0_222)"
192.168.8.60 - - [15/Jan/2020:11:18:59 +0800] "GET /xye-open/gateWay/systemGateWay.htm?bureauId=27&child_type=1&partner=XYE_ADMIN2&query_type=query_sys_bank_user&service=op_common_query_service&type=2&sign=4757f4145540736e6820b5fb686dae17&sign_type=md5 HTTP/1.1" 301 178 "-" "Apache-HttpClient/4.5.3 (Java/1.8.0_222)"
192.168.8.60 - - [15/Jan/2020:11:19:02 +0800] "GET /xye-open/gateWay/systemGateWay.htm?bureauId=27&child_type=1&partner=XYE_ADMIN2&query_type=query_sys_bank_user&service=op_common_query_service&type=2&sign=4757f4145540736e6820b5fb686dae17&sign_type=md5 HTTP/1.1" 301 178 "-" "Apache-HttpClient/4.5.3 (Java/1.8.0_222)"
192.168.8.60 - - [15/Jan/2020:11:19:02 +0800] "GET /xye-open/gateWay/systemGateWay.htm?bureauId=27&child_type=1&partner=XYE_ADMIN2&query_type=query_sys_bank_user&service=op_common_query_service&type=2&sign=4757f4145540736e6820b5fb686dae17&sign_type=md5 HTTP/1.1" 301 178 "-" "Apache-HttpClient/4.5.3 (Java/1.8.0_222)"
192.168.8.60 - - [15/Jan/2020:11:19:02 +0800] "GET /xye-open/gateWay/systemGateWay.htm?bureauId=27&child_type=1&partner=XYE_ADMIN2&query_type=query_sys_bank_user&service=op_common_query_service&type=2&sign=4757f4145540736e6820b5fb686dae17&sign_type=md5 HTTP/1.1" 301 178 "-" "Apache-HttpClient/4.5.3 (Java/1.8.0_222)"
192.168.8.60 - - [15/Jan/2020:11:19:03 +0800] "GET /xye-open/gateWay/systemGateWay.htm?bureauId=27&child_type=1&partner=XYE_ADMIN2&query_type=query_sys_bank_user&service=op_common_query_service&type=2&sign=4757f4145540736e6820b5fb686dae17&sign_type=md5 HTTP/1.1" 301 178 "-" "Apache-HttpClient/4.5.3 (Java/1.8.0_222)"
192.168.8.60 - - [15/Jan/2020:11:19:03 +0800] "GET /xye-open/gateWay/systemGateWay.htm?bureauId=27&child_type=1&partner=XYE_ADMIN2&query_type=query_sys_bank_user&service=op_common_query_service&type=2&sign=4757f4145540736e6820b5fb686dae17&sign_type=md5 HTTP/1.1" 301 178 "-" "Apache-HttpClient/4.5.3 (Java/1.8.0_222)"
111.206.222.62 - - [15/Jan/2020:11:19:03 +0800] "GET /css/B/common/images/dian.png HTTP/1.1" 301 178 "http://www.xiaoyuer.com/css/B/index/index.css?v=f7dcd0871d" "Mozilla/5.0 (Windows NT 10.0; WOW64) AppleWebKit/537.36 (KHTML, like Gecko) Chrome/45.0.2454.93 Safari/537.36"
192.168.8.60 - - [15/Jan/2020:11:19:06 +0800] "GET /xye-open/gateWay/systemGateWay.htm?bureauId=27&child_type=1&partner=XYE_ADMIN2&query_type=query_sys_bank_user&service=op_common_query_service&type=2&sign=4757f4145540736e6820b5fb686dae17&sign_type=md5 HTTP/1.1" 301 178 "-" "Apache-HttpClient/4.5.3 (Java/1.8.0_222)"
192.168.8.60 - - [15/Jan/2020:11:19:07 +0800] "GET /xye-open/gateWay/systemGateWay.htm?bureauId=27&child_type=1&partner=XYE_ADMIN2&query_type=query_sys_bank_user&service=op_common_query_service&type=2&sign=4757f4145540736e6820b5fb686dae17&sign_type=md5 HTTP/1.1" 301 178 "-" "Apache-HttpClient/4.5.3 (Java/1.8.0_222)"
192.168.8.60 - - [15/Jan/2020:11:19:07 +0800] "GET /xye-open/gateWay/systemGateWay.htm?bureauId=27&child_type=1&partner=XYE_ADMIN2&query_type=query_sys_bank_user&service=op_common_query_service&type=2&sign=4757f4145540736e6820b5fb686dae17&sign_type=md5 HTTP/1.1" 301 178 "-" "Apache-HttpClient/4.5.3 (Java/1.8.0_222)"
192.168.8.60 - - [15/Jan/2020:11:19:07 +0800] "GET /xye-open/gateWay/systemGateWay.htm?bureauId=27&child_type=1&partner=XYE_ADMIN2&query_type=query_sys_bank_user&service=op_common_query_service&type=2&sign=4757f4145540736e6820b5fb686dae17&sign_type=md5 HTTP/1.1" 301 178 "-" "Apache-HttpClient/4.5.3 (Java/1.8.0_222)"
192.168.8.60 - - [15/Jan/2020:11:19:07 +0800] "GET /xye-open/gateWay/systemGateWay.htm?bureauId=27&child_type=1&partner=XYE_ADMIN2&query_type=query_sys_bank_user&service=op_common_query_service&type=2&sign=4757f4145540736e6820b5fb686dae17&sign_type=md5 HTTP/1.1" 301 178 "-" "Apache-HttpClient/4.5.3 (Java/1.8.0_222)"
192.168.8.60 - - [15/Jan/2020:11:19:11 +0800] "GET /xye-open/gateWay/systemGateWay.htm?bureauId=27&child_type=1&partner=XYE_ADMIN2&query_type=query_sys_bank_user&service=op_common_query_service&type=2&sign=4757f4145540736e6820b5fb686dae17&sign_type=md5 HTTP/1.1" 301 178 "-" "Apache-HttpClient/4.5.3 (Java/1.8.0_222)"
192.168.8.60 - - [15/Jan/2020:11:19:11 +0800] "GET /xye-open/gateWay/systemGateWay.htm?bureauId=27&child_type=1&partner=XYE_ADMIN2&query_type=query_sys_bank_user&service=op_common_query_service&type=2&sign=4757f4145540736e6820b5fb686dae17&sign_type=md5 HTTP/1.1" 301 178 "-" "Apache-HttpClient/4.5.3 (Java/1.8.0_222)"
192.168.8.60 - - [15/Jan/2020:11:19:11 +0800] "GET /xye-open/gateWay/systemGateWay.htm?bureauId=27&child_type=1&partner=XYE_ADMIN2&query_type=query_sys_bank_user&service=op_common_query_service&type=2&sign=4757f4145540736e6820b5fb686dae17&sign_type=md5 HTTP/1.1" 301 178 "-" "Apache-HttpClient/4.5.3 (Java/1.8.0_222)"
192.168.8.60 - - [15/Jan/2020:11:19:11 +0800] "GET /xye-open/gateWay/systemGateWay.htm?bureauId=27&child_type=1&partner=XYE_ADMIN2&query_type=query_sys_bank_user&service=op_common_query_service&type=2&sign=4757f4145540736e6820b5fb686dae17&sign_type=md5 HTTP/1.1" 301 178 "-" "Apache-HttpClient/4.5.3 (Java/1.8.0_222)"
192.168.8.60 - - [15/Jan/2020:11:19:11 +0800] "GET /xye-open/gateWay/systemGateWay.htm?bureauId=27&child_type=1&partner=XYE_ADMIN2&query_type=query_sys_bank_user&service=op_common_query_service&type=2&sign=4757f4145540736e6820b5fb686dae17&sign_type=md5 HTTP/1.1" 301 178 "-" "Apache-HttpClient/4.5.3 (Java/1.8.0_222)"
192.168.8.60 - - [15/Jan/2020:11:19:12 +0800] "GET /xye-open/gateWay/systemGateWay.htm?partner=XYE_ADMIN&service=op_platform_fundOfAccount_service&sign=73ac617cc51c8b340f1d46bbb6022607&sign_type=md5 HTTP/1.1" 301 178 "-" "Apache-HttpClient/4.5.3 (Java/1.8.0_222)"
192.168.8.60 - - [15/Jan/2020:11:19:13 +0800] "GET /xye-open/gateWay/systemGateWay.htm?cardType=2&partner=XYE_ADMIN2&query_type=getSystemBankcard&service=op_common_query_service&userId=1&sign=02b05b22fe497a0e30ef55474c6b1fe0&sign_type=md5 HTTP/1.1" 301 178 "-" "Apache-HttpClient/4.5.3 (Java/1.8.0_222)"
192.168.8.60 - - [15/Jan/2020:11:19:13 +0800] "GET /xye-open/gateWay/systemGateWay.htm?partner=XYE_ADMIN2&query_type=selectCiticBillAmount&service=op_common_query_service&sign=8f411707b7112b06c8bdf9f64c20542a&sign_type=md5 HTTP/1.1" 301 178 "-" "Apache-HttpClient/4.5.3 (Java/1.8.0_222)"
192.168.8.60 - - [15/Jan/2020:11:19:16 +0800] "GET /xye-open/gateWay/systemGateWay.htm?partner=XYE_ADMIN&service=op_platform_fundOfAccount_service&sign=73ac617cc51c8b340f1d46bbb6022607&sign_type=md5 HTTP/1.1" 301 178 "-" "Apache-HttpClient/4.5.3 (Java/1.8.0_222)"
192.168.8.60 - - [15/Jan/2020:11:19:17 +0800] "GET /xye-open/gateWay/systemGateWay.htm?cardType=2&partner=XYE_ADMIN2&query_type=getSystemBankcard&service=op_common_query_service&userId=1&sign=02b05b22fe497a0e30ef55474c6b1fe0&sign_type=md5 HTTP/1.1" 301 178 "-" "Apache-HttpClient/4.5.3 (Java/1.8.0_222)"
192.168.8.60 - - [15/Jan/2020:11:19:17 +0800] "GET /xye-open/gateWay/systemGateWay.htm?partner=XYE_ADMIN2&query_type=selectCiticBillAmount&service=op_common_query_service&sign=8f411707b7112b06c8bdf9f64c20542a&sign_type=md5 HTTP/1.1" 301 178 "-" "Apache-HttpClient/4.5.3 (Java/1.8.0_222)"
49.7.20.144 - - [15/Jan/2020:11:19:25 +0800] "GET /fuwu_whys_wwjs HTTP/1.1" 301 178 "-" "Sogou web spider/4.0(+http://www.sogou.com/docs/help/webmasters.htm#07)"
112.34.110.149 - - [15/Jan/2020:11:19:56 +0800] "GET / HTTP/1.0" 301 178 "https://m.baidu.com/" "Mozilla/5.0 (Linux; Android 9; SCM-W09 Build/HUAWEISCM-W09; wv) AppleWebKit/537.36 (KHTML, like Gecko) Version/4.0 Chrome/76.0.3809.89 Safari/537.36 T7/11.19 SP-engine/2.15.0 baiduboxapp/11.19.0.11 (Baidu; P1 9)"
49.7.20.144 - - [15/Jan/2020:11:20:08 +0800] "GET /fw_1490 HTTP/1.1" 301 178 "-" "Sogou web spider/4.0(+http://www.sogou.com/docs/help/webmasters.htm#07)"
49.7.20.144 - - [15/Jan/2020:11:22:31 +0800] "GET /usercenterent/phome/service/96929 HTTP/1.1" 301 178 "-" "Sogou web spider/4.0(+http://www.sogou.com/docs/help/webmasters.htm#07)"
54.36.149.43 - - [15/Jan/2020:11:22:54 +0800] "GET /usercenter/phome/require/115347 HTTP/1.1" 301 178 "-" "Mozilla/5.0 (compatible; AhrefsBot/6.1; +http://ahrefs.com/robot/)"
49.7.20.144 - - [15/Jan/2020:11:23:01 +0800] "GET /shop/changeLabelDetail?mill=1506121170232&labelId=2 HTTP/1.1" 301 178 "-" "Sogou web spider/4.0(+http://www.sogou.com/docs/help/webmasters.htm#07)"
54.36.150.104 - - [15/Jan/2020:11:23:08 +0800] "GET /fw_892 HTTP/1.1" 301 178 "-" "Mozilla/5.0 (compatible; AhrefsBot/6.1; +http://ahrefs.com/robot/)"
49.7.20.144 - - [15/Jan/2020:11:23:31 +0800] "GET /shop/changeLabelDetail?mill=1495840572825&labelId=3 HTTP/1.1" 301 178 "-" "Sogou web spider/4.0(+http://www.sogou.com/docs/help/webmasters.htm#07)"
49.7.20.144 - - [15/Jan/2020:11:23:52 +0800] "GET /fuwu_shfw_lcbx HTTP/1.1" 301 178 "-" "Sogou web spider/4.0(+http://www.sogou.com/docs/help/webmasters.htm#07)"
49.7.20.144 - - [15/Jan/2020:11:25:38 +0800] "GET /shop/changeLabelDetail?mill=1495347850687&labelId=3 HTTP/1.1" 301 178 "-" "Sogou web spider/4.0(+http://www.sogou.com/docs/help/webmasters.htm#07)"
192.168.8.60 - - [15/Jan/2020:11:25:39 +0800] "GET /xye-open/gateWay/systemGateWay.htm?bureauId=25&child_type=1&partner=XYE_ADMIN2&query_type=query_sys_bank_user&service=op_common_query_service&type=2&sign=cde705af6b57da17030a7aea3658f090&sign_type=md5 HTTP/1.1" 301 178 "-" "Apache-HttpClient/4.5.3 (Java/1.8.0_222)"
192.168.8.60 - - [15/Jan/2020:11:25:39 +0800] "GET /xye-open/gateWay/systemGateWay.htm?bureauId=25&child_type=1&partner=XYE_ADMIN2&query_type=query_sys_bank_user&service=op_common_query_service&type=2&sign=cde705af6b57da17030a7aea3658f090&sign_type=md5 HTTP/1.1" 301 178 "-" "Apache-HttpClient/4.5.3 (Java/1.8.0_222)"
192.168.8.60 - - [15/Jan/2020:11:25:39 +0800] "GET /xye-open/gateWay/systemGateWay.htm?bureauId=25&child_type=1&partner=XYE_ADMIN2&query_type=query_sys_bank_user&service=op_common_query_service&type=2&sign=cde705af6b57da17030a7aea3658f090&sign_type=md5 HTTP/1.1" 301 178 "-" "Apache-HttpClient/4.5.3 (Java/1.8.0_222)"
192.168.8.60 - - [15/Jan/2020:11:25:39 +0800] "GET /xye-open/gateWay/systemGateWay.htm?bureauId=25&child_type=1&partner=XYE_ADMIN2&query_type=query_sys_bank_user&service=op_common_query_service&type=2&sign=cde705af6b57da17030a7aea3658f090&sign_type=md5 HTTP/1.1" 301 178 "-" "Apache-HttpClient/4.5.3 (Java/1.8.0_222)"
192.168.8.60 - - [15/Jan/2020:11:25:40 +0800] "GET /xye-open/gateWay/systemGateWay.htm?bureauId=25&child_type=1&partner=XYE_ADMIN2&query_type=query_sys_bank_user&service=op_common_query_service&type=2&sign=cde705af6b57da17030a7aea3658f090&sign_type=md5 HTTP/1.1" 301 178 "-" "Apache-HttpClient/4.5.3 (Java/1.8.0_222)"
192.168.8.60 - - [15/Jan/2020:11:25:43 +0800] "GET /xye-open/gateWay/systemGateWay.htm?bureauId=25&child_type=1&partner=XYE_ADMIN2&query_type=query_sys_bank_user&service=op_common_query_service&type=2&sign=cde705af6b57da17030a7aea3658f090&sign_type=md5 HTTP/1.1" 301 178 "-" "Apache-HttpClient/4.5.3 (Java/1.8.0_222)"
192.168.8.60 - - [15/Jan/2020:11:25:43 +0800] "GET /xye-open/gateWay/systemGateWay.htm?bureauId=25&child_type=1&partner=XYE_ADMIN2&query_type=query_sys_bank_user&service=op_common_query_service&type=2&sign=cde705af6b57da17030a7aea3658f090&sign_type=md5 HTTP/1.1" 301 178 "-" "Apache-HttpClient/4.5.3 (Java/1.8.0_222)"
192.168.8.60 - - [15/Jan/2020:11:25:43 +0800] "GET /xye-open/gateWay/systemGateWay.htm?bureauId=25&child_type=1&partner=XYE_ADMIN2&query_type=query_sys_bank_user&service=op_common_query_service&type=2&sign=cde705af6b57da17030a7aea3658f090&sign_type=md5 HTTP/1.1" 301 178 "-" "Apache-HttpClient/4.5.3 (Java/1.8.0_222)"
192.168.8.60 - - [15/Jan/2020:11:25:44 +0800] "GET /xye-open/gateWay/systemGateWay.htm?bureauId=25&child_type=1&partner=XYE_ADMIN2&query_type=query_sys_bank_user&service=op_common_query_service&type=2&sign=cde705af6b57da17030a7aea3658f090&sign_type=md5 HTTP/1.1" 301 178 "-" "Apache-HttpClient/4.5.3 (Java/1.8.0_222)"
192.168.8.60 - - [15/Jan/2020:11:25:44 +0800] "GET /xye-open/gateWay/systemGateWay.htm?bureauId=25&child_type=1&partner=XYE_ADMIN2&query_type=query_sys_bank_user&service=op_common_query_service&type=2&sign=cde705af6b57da17030a7aea3658f090&sign_type=md5 HTTP/1.1" 301 178 "-" "Apache-HttpClient/4.5.3 (Java/1.8.0_222)"
192.168.8.60 - - [15/Jan/2020:11:25:47 +0800] "GET /xye-open/gateWay/systemGateWay.htm?bureauId=25&child_type=1&partner=XYE_ADMIN2&query_type=query_sys_bank_user&service=op_common_query_service&type=2&sign=cde705af6b57da17030a7aea3658f090&sign_type=md5 HTTP/1.1" 301 178 "-" "Apache-HttpClient/4.5.3 (Java/1.8.0_222)"
192.168.8.60 - - [15/Jan/2020:11:25:47 +0800] "GET /xye-open/gateWay/systemGateWay.htm?bureauId=25&child_type=1&partner=XYE_ADMIN2&query_type=query_sys_bank_user&service=op_common_query_service&type=2&sign=cde705af6b57da17030a7aea3658f090&sign_type=md5 HTTP/1.1" 301 178 "-" "Apache-HttpClient/4.5.3 (Java/1.8.0_222)"
192.168.8.60 - - [15/Jan/2020:11:25:48 +0800] "GET /xye-open/gateWay/systemGateWay.htm?bureauId=25&child_type=1&partner=XYE_ADMIN2&query_type=query_sys_bank_user&service=op_common_query_service&type=2&sign=cde705af6b57da17030a7aea3658f090&sign_type=md5 HTTP/1.1" 301 178 "-" "Apache-HttpClient/4.5.3 (Java/1.8.0_222)"
192.168.8.60 - - [15/Jan/2020:11:25:48 +0800] "GET /xye-open/gateWay/systemGateWay.htm?bureauId=25&child_type=1&partner=XYE_ADMIN2&query_type=query_sys_bank_user&service=op_common_query_service&type=2&sign=cde705af6b57da17030a7aea3658f090&sign_type=md5 HTTP/1.1" 301 178 "-" "Apache-HttpClient/4.5.3 (Java/1.8.0_222)"
192.168.8.60 - - [15/Jan/2020:11:25:48 +0800] "GET /xye-open/gateWay/systemGateWay.htm?bureauId=25&child_type=1&partner=XYE_ADMIN2&query_type=query_sys_bank_user&service=op_common_query_service&type=2&sign=cde705af6b57da17030a7aea3658f090&sign_type=md5 HTTP/1.1" 301 178 "-" "Apache-HttpClient/4.5.3 (Java/1.8.0_222)"
192.168.8.60 - - [15/Jan/2020:11:25:51 +0800] "GET /xye-open/gateWay/systemGateWay.htm?bureauId=25&child_type=1&partner=XYE_ADMIN2&query_type=query_sys_bank_user&service=op_common_query_service&type=2&sign=cde705af6b57da17030a7aea3658f090&sign_type=md5 HTTP/1.1" 301 178 "-" "Apache-HttpClient/4.5.3 (Java/1.8.0_222)"
192.168.8.60 - - [15/Jan/2020:11:25:51 +0800] "GET /xye-open/gateWay/systemGateWay.htm?bureauId=25&child_type=1&partner=XYE_ADMIN2&query_type=query_sys_bank_user&service=op_common_query_service&type=2&sign=cde705af6b57da17030a7aea3658f090&sign_type=md5 HTTP/1.1" 301 178 "-" "Apache-HttpClient/4.5.3 (Java/1.8.0_222)"
192.168.8.60 - - [15/Jan/2020:11:25:51 +0800] "GET /xye-open/gateWay/systemGateWay.htm?bureauId=25&child_type=1&partner=XYE_ADMIN2&query_type=query_sys_bank_user&service=op_common_query_service&type=2&sign=cde705af6b57da17030a7aea3658f090&sign_type=md5 HTTP/1.1" 301 178 "-" "Apache-HttpClient/4.5.3 (Java/1.8.0_222)"
192.168.8.60 - - [15/Jan/2020:11:25:54 +0800] "GET /xye-open/gateWay/systemGateWay.htm?partner=XYE_ADMIN&service=op_platform_fundOfAccount_service&sign=73ac617cc51c8b340f1d46bbb6022607&sign_type=md5 HTTP/1.1" 301 178 "-" "Apache-HttpClient/4.5.3 (Java/1.8.0_222)"
192.168.8.60 - - [15/Jan/2020:11:25:55 +0800] "GET /xye-open/gateWay/systemGateWay.htm?cardType=2&partner=XYE_ADMIN2&query_type=getSystemBankcard&service=op_common_query_service&userId=1&sign=02b05b22fe497a0e30ef55474c6b1fe0&sign_type=md5 HTTP/1.1" 301 178 "-" "Apache-HttpClient/4.5.3 (Java/1.8.0_222)"
192.168.8.60 - - [15/Jan/2020:11:25:55 +0800] "GET /xye-open/gateWay/systemGateWay.htm?partner=XYE_ADMIN2&query_type=selectCiticBillAmount&service=op_common_query_service&sign=8f411707b7112b06c8bdf9f64c20542a&sign_type=md5 HTTP/1.1" 301 178 "-" "Apache-HttpClient/4.5.3 (Java/1.8.0_222)"
192.168.8.60 - - [15/Jan/2020:11:26:18 +0800] "GET /xye-open/gateWay/systemGateWay.htm?partner=XYE_ADMIN&service=op_platform_fundOfAccount_service&sign=73ac617cc51c8b340f1d46bbb6022607&sign_type=md5 HTTP/1.1" 301 178 "-" "Apache-HttpClient/4.5.3 (Java/1.8.0_222)"
192.168.8.60 - - [15/Jan/2020:11:26:18 +0800] "GET /xye-open/gateWay/systemGateWay.htm?cardType=2&partner=XYE_ADMIN2&query_type=getSystemBankcard&service=op_common_query_service&userId=1&sign=02b05b22fe497a0e30ef55474c6b1fe0&sign_type=md5 HTTP/1.1" 301 178 "-" "Apache-HttpClient/4.5.3 (Java/1.8.0_222)"
192.168.8.60 - - [15/Jan/2020:11:26:18 +0800] "GET /xye-open/gateWay/systemGateWay.htm?partner=XYE_ADMIN2&query_type=selectCiticBillAmount&service=op_common_query_service&sign=8f411707b7112b06c8bdf9f64c20542a&sign_type=md5 HTTP/1.1" 301 178 "-" "Apache-HttpClient/4.5.3 (Java/1.8.0_222)"
49.77.99.167 - - [15/Jan/2020:11:27:31 +0800] "GET /favicon.ico HTTP/1.1" 301 178 "-" "Mozilla/5.0 (Windows NT 6.1) AppleWebKit/537.36 (KHTML, like Gecko) Chrome/63.0.3239.132 Safari/537.36"
42.236.10.116 - - [15/Jan/2020:11:28:46 +0800] "GET / HTTP/1.1" 301 178 "http://www.xiaoyuer.com/" "Mozilla/5.0 (Windows NT 6.1; WOW64) AppleWebKit/537.36 (KHTML, like Gecko) Chrome/50.0.2661.102 Safari/537.36; 360Spider"
49.7.20.144 - - [15/Jan/2020:11:29:10 +0800] "GET /shop/changeLabelDetail?mill=1501527218943&labelId=1 HTTP/1.1" 301 178 "-" "Sogou web spider/4.0(+http://www.sogou.com/docs/help/webmasters.htm#07)"
180.126.153.80 - - [15/Jan/2020:11:29:48 +0800] "GET /favicon.ico HTTP/1.1" 301 178 "-" "Mozilla/5.0 (Windows NT 10.0; WOW64) AppleWebKit/537.36 (KHTML, like Gecko) Chrome/65.0.3314.0 Safari/537.36 SE 2.X MetaSr 1.0"
46.229.168.137 - - [15/Jan/2020:11:32:17 +0800] "GET /shop/changeLabelDetail?labelId=2&mill=1503583376932 HTTP/1.1" 301 178 "-" "Mozilla/5.0 (compatible; SemrushBot/6~bl; +http://www.semrush.com/bot.html)"
134.119.189.29 - - [15/Jan/2020:11:33:57 +0800] "GET / HTTP/1.1" 301 178 "http://www.xiaoyuer.com" "Mozilla/5.0 (Windows NT 6.1; WOW64) AppleWebKit/537.36 (KHTML, like Gecko) Chrome/52.0.2743.116 Safari/537.36"
60.220.64.219 - - [15/Jan/2020:11:34:38 +0800] "GET /images/webimage/common/xye-g-icons.png HTTP/1.1" 301 178 "-" "Mozilla/5.0 (iPhone; CPU iPhone OS 13_3 like Mac OS X) AppleWebKit/605.1.15 (KHTML, like Gecko) Mobile/15E148 MicroMessenger/7.0.10(0x17000a21) NetType/WIFI Language/zh_CN"
103.59.156.16 - - [15/Jan/2020:11:35:17 +0800] "GET / HTTP/1.1" 301 178 "-" "Mozilla/5.0 (Linux; U; Android 4.4.2; en-us; SCH-I535 Build/KOT49H) AppleWebKit/534.30 (KHTML, like Gecko) Version/4.0 Mobile Safari/534.30'"
49.7.20.144 - - [15/Jan/2020:11:35:18 +0800] "GET /xq_4254 HTTP/1.1" 301 178 "-" "Sogou web spider/4.0(+http://www.sogou.com/docs/help/webmasters.htm#07)"
223.104.11.75 - - [15/Jan/2020:11:37:24 +0800] "GET / HTTP/1.1" 301 178 "-" "Mozilla/5.0 (iPhone; CPU iPhone OS 11_4_1 like Mac OS X) AppleWebKit/605.1.15 (KHTML, like Gecko) Mobile/15G77 SP-engine/2.14.0"
49.7.20.144 - - [15/Jan/2020:11:37:50 +0800] "GET /shop/changeLabelDetail?mill=1471433844352&labelId=3 HTTP/1.1" 301 178 "-" "Sogou web spider/4.0(+http://www.sogou.com/docs/help/webmasters.htm#07)"
117.136.41.44 - - [15/Jan/2020:11:38:34 +0800] "GET / HTTP/1.1" 301 178 "-" "Mozilla/5.0 (iPhone; CPU iPhone OS 13_1_3 like Mac OS X) AppleWebKit/605.1.15 (KHTML, like Gecko) Mobile/15E148"
49.7.20.144 - - [15/Jan/2020:11:39:31 +0800] "GET /shop/changeLabelDetail?mill=1500607089840&labelId=2 HTTP/1.1" 301 178 "-" "Sogou web spider/4.0(+http://www.sogou.com/docs/help/webmasters.htm#07)"
49.7.20.144 - - [15/Jan/2020:11:39:42 +0800] "GET /xq_3649 HTTP/1.1" 301 178 "-" "Sogou web spider/4.0(+http://www.sogou.com/docs/help/webmasters.htm#07)"
192.168.8.60 - - [15/Jan/2020:11:39:47 +0800] "GET /xye-open/gateWay/systemGateWay.htm?partner=XYE_ADMIN&service=op_platform_fundOfAccount_service&sign=73ac617cc51c8b340f1d46bbb6022607&sign_type=md5 HTTP/1.1" 301 178 "-" "Apache-HttpClient/4.5.3 (Java/1.8.0_222)"
